2026-08-04 10:06:46.847: [INFO] OnDoneLoading sync enabled: 0
2026-08-04 10:06:58.646: [INFO] OnDoneLoading sync enabled: 0
2026-08-04 10:11:36.451: [INFO] OnDoneLoading sync enabled: 0
2026-08-04 10:23:05.846: [INFO] OnDoneLoading sync enabled: 0
2026-08-05 09:40:19.769: [INFO] CurrentProfilePath: D:\Java-WorkSpace\.metadata\.plugins\org.eclipse.swt\EBWebView\Default
2026-08-05 09:40:19.769: [INFO] Profiles total count: 1
2026-08-05 09:40:19.769: [INFO] Profile: name=Profile 1 path=D:\Java-WorkSpace\.metadata\.plugins\org.eclipse.swt\EBWebView\Default lastActive=2026-08-04T10:13:28.566Z
2026-08-05 09:40:19.769: [INFO] LastUsedProfileDir: D:\Java-WorkSpace\.metadata\.plugins\org.eclipse.swt\EBWebView\Default
2026-08-05 09:40:19.769: [INFO] MostRecentlyActiveProfile: name=Profile 1 path=D:\Java-WorkSpace\.metadata\.plugins\org.eclipse.swt\EBWebView\Default lastActive=2026-08-04T10:13:28.566Z
2026-08-05 09:40:19.769: [INFO] OnDoneLoading sync enabled: 0
2026-08-05 09:40:19.769: [INFO] BookmarkModelLoaded, ids_reassigned: 0
2026-08-05 09:40:19.769: [INFO] BookmarksLoadDropped droppedNodes=0
2026-08-05 09:40:19.769: [INFO] BookmarksSnapshot Startup total=0 bar=0 other=0 mobile=0 showBar=0 showBarNTP=1
2026-08-05 09:40:50.750: [INFO] BookmarksSnapshot Shutdown total=0 bar=0 other=0 mobile=0 showBar=0 showBarNTP=1
2026-08-05 10:04:26.825: [INFO] CurrentProfilePath: D:\Java-WorkSpace\.metadata\.plugins\org.eclipse.swt\EBWebView\Default
2026-08-05 10:04:26.825: [INFO] Profiles total count: 1
2026-08-05 10:04:26.825: [INFO] Profile: name=Profile 1 path=D:\Java-WorkSpace\.metadata\.plugins\org.eclipse.swt\EBWebView\Default lastActive=2026-08-05T09:40:50.455Z
2026-08-05 10:04:26.825: [INFO] LastUsedProfileDir: D:\Java-WorkSpace\.metadata\.plugins\org.eclipse.swt\EBWebView\Default
2026-08-05 10:04:26.825: [INFO] MostRecentlyActiveProfile: name=Profile 1 path=D:\Java-WorkSpace\.metadata\.plugins\org.eclipse.swt\EBWebView\Default lastActive=2026-08-05T09:40:50.455Z
2026-08-05 10:04:26.825: [INFO] OnDoneLoading sync enabled: 0
2026-08-05 10:04:26.825: [INFO] BookmarkModelLoaded, ids_reassigned: 0
2026-08-05 10:04:26.825: [INFO] BookmarksLoadDropped droppedNodes=0
2026-08-05 10:04:26.826: [INFO] BookmarksSnapshot Startup total=0 bar=0 other=0 mobile=0 showBar=0 showBarNTP=1
2026-08-05 10:04:26.974: [INFO] BookmarksSnapshot Shutdown total=0 bar=0 other=0 mobile=0 showBar=0 showBarNTP=1
2026-08-05 10:48:13.390: [INFO] CurrentProfilePath: D:\Java-WorkSpace\.metadata\.plugins\org.eclipse.swt\EBWebView\Default
2026-08-05 10:48:13.390: [INFO] Profiles total count: 1
2026-08-05 10:48:13.391: [INFO] Profile: name=Profile 1 path=D:\Java-WorkSpace\.metadata\.plugins\org.eclipse.swt\EBWebView\Default lastActive=2026-08-05T09:40:50.455Z
2026-08-05 10:48:13.391: [INFO] LastUsedProfileDir: D:\Java-WorkSpace\.metadata\.plugins\org.eclipse.swt\EBWebView\Default
2026-08-05 10:48:13.391: [INFO] MostRecentlyActiveProfile: name=Profile 1 path=D:\Java-WorkSpace\.metadata\.plugins\org.eclipse.swt\EBWebView\Default lastActive=2026-08-05T09:40:50.455Z
2026-08-05 10:48:13.391: [INFO] OnDoneLoading sync enabled: 0
2026-08-05 10:48:13.391: [INFO] BookmarkModelLoaded, ids_reassigned: 0
2026-08-05 10:48:13.391: [INFO] BookmarksLoadDropped droppedNodes=0
2026-08-05 10:48:13.391: [INFO] BookmarksSnapshot Startup total=0 bar=0 other=0 mobile=0 showBar=0 showBarNTP=1
2026-08-11 07:49:22.735: [INFO] CurrentProfilePath: D:\Java-WorkSpace\.metadata\.plugins\org.eclipse.swt\EBWebView\Default
2026-08-11 07:49:22.735: [INFO] Profiles total count: 1
2026-08-11 07:49:22.736: [INFO] Profile: name=Profile 1 path=D:\Java-WorkSpace\.metadata\.plugins\org.eclipse.swt\EBWebView\Default lastActive=2026-08-05T09:40:50.455Z
2026-08-11 07:49:22.736: [INFO] LastUsedProfileDir: D:\Java-WorkSpace\.metadata\.plugins\org.eclipse.swt\EBWebView\Default
2026-08-11 07:49:22.736: [INFO] MostRecentlyActiveProfile: name=Profile 1 path=D:\Java-WorkSpace\.metadata\.plugins\org.eclipse.swt\EBWebView\Default lastActive=2026-08-05T09:40:50.455Z
2026-08-11 07:49:22.736: [INFO] OnDoneLoading sync enabled: 0
2026-08-11 07:49:22.736: [INFO] BookmarkModelLoaded, ids_reassigned: 0
2026-08-11 07:49:22.736: [INFO] BookmarksLoadDropped droppedNodes=0
2026-08-11 07:49:22.736: [INFO] BookmarksSnapshot Startup total=0 bar=0 other=0 mobile=0 showBar=0 showBarNTP=1
2026-08-12 07:40:15.734: [INFO] CurrentProfilePath: D:\Java-WorkSpace\.metadata\.plugins\org.eclipse.swt\EBWebView\Default
2026-08-12 07:40:15.734: [INFO] Profiles total count: 1
2026-08-12 07:40:15.735: [INFO] Profile: name=Profile 1 path=D:\Java-WorkSpace\.metadata\.plugins\org.eclipse.swt\EBWebView\Default lastActive=2026-08-05T09:40:50.455Z
2026-08-12 07:40:15.735: [INFO] LastUsedProfileDir: D:\Java-WorkSpace\.metadata\.plugins\org.eclipse.swt\EBWebView\Default
2026-08-12 07:40:15.735: [INFO] MostRecentlyActiveProfile: name=Profile 1 path=D:\Java-WorkSpace\.metadata\.plugins\org.eclipse.swt\EBWebView\Default lastActive=2026-08-05T09:40:50.455Z
2026-08-12 07:40:15.735: [INFO] OnDoneLoading sync enabled: 0
2026-08-12 07:40:15.735: [INFO] BookmarkModelLoaded, ids_reassigned: 0
2026-08-12 07:40:15.735: [INFO] BookmarksLoadDropped droppedNodes=0
2026-08-12 07:40:15.735: [INFO] BookmarksSnapshot Startup total=0 bar=0 other=0 mobile=0 showBar=0 showBarNTP=1
2026-08-12 07:43:29.248: [INFO] BookmarksSnapshot Shutdown total=0 bar=0 other=0 mobile=0 showBar=0 showBarNTP=1
2026-08-12 08:38:53.139: [INFO] CurrentProfilePath: D:\Java-WorkSpace\.metadata\.plugins\org.eclipse.swt\EBWebView\Default
2026-08-12 08:38:53.139: [INFO] Profiles total count: 1
2026-08-12 08:38:53.139: [INFO] Profile: name=Profile 1 path=D:\Java-WorkSpace\.metadata\.plugins\org.eclipse.swt\EBWebView\Default lastActive=2026-08-12T07:43:28.978Z
2026-08-12 08:38:53.139: [INFO] LastUsedProfileDir: D:\Java-WorkSpace\.metadata\.plugins\org.eclipse.swt\EBWebView\Default
2026-08-12 08:38:53.139: [INFO] MostRecentlyActiveProfile: name=Profile 1 path=D:\Java-WorkSpace\.metadata\.plugins\org.eclipse.swt\EBWebView\Default lastActive=2026-08-12T07:43:28.978Z
2026-08-12 08:38:53.139: [INFO] OnDoneLoading sync enabled: 0
2026-08-12 08:38:53.139: [INFO] BookmarkModelLoaded, ids_reassigned: 0
2026-08-12 08:38:53.139: [INFO] BookmarksLoadDropped droppedNodes=0
2026-08-12 08:38:53.139: [INFO] BookmarksSnapshot Startup total=0 bar=0 other=0 mobile=0 showBar=0 showBarNTP=1
2026-08-12 08:38:56.231: [INFO] BookmarksSnapshot Shutdown total=0 bar=0 other=0 mobile=0 showBar=0 showBarNTP=1
2026-08-12 08:39:21.551: [INFO] CurrentProfilePath: D:\Java-WorkSpace\.metadata\.plugins\org.eclipse.swt\EBWebView\Default
2026-08-12 08:39:21.551: [INFO] Profiles total count: 1
2026-08-12 08:39:21.552: [INFO] Profile: name=Profile 1 path=D:\Java-WorkSpace\.metadata\.plugins\org.eclipse.swt\EBWebView\Default lastActive=2026-08-12T07:43:28.978Z
2026-08-12 08:39:21.552: [INFO] LastUsedProfileDir: D:\Java-WorkSpace\.metadata\.plugins\org.eclipse.swt\EBWebView\Default
2026-08-12 08:39:21.552: [INFO] MostRecentlyActiveProfile: name=Profile 1 path=D:\Java-WorkSpace\.metadata\.plugins\org.eclipse.swt\EBWebView\Default lastActive=2026-08-12T07:43:28.978Z
2026-08-12 08:39:21.552: [INFO] OnDoneLoading sync enabled: 0
2026-08-12 08:39:21.552: [INFO] BookmarkModelLoaded, ids_reassigned: 0
2026-08-12 08:39:21.552: [INFO] BookmarksLoadDropped droppedNodes=0
2026-08-12 08:39:21.552: [INFO] BookmarksSnapshot Startup total=0 bar=0 other=0 mobile=0 showBar=0 showBarNTP=1
2026-08-12 08:39:27.263: [INFO] BookmarksSnapshot Shutdown total=0 bar=0 other=0 mobile=0 showBar=0 showBarNTP=1
2026-08-12 08:39:48.919: [INFO] CurrentProfilePath: D:\Java-WorkSpace\.metadata\.plugins\org.eclipse.swt\EBWebView\Default
2026-08-12 08:39:48.919: [INFO] Profiles total count: 1
2026-08-12 08:39:48.919: [INFO] Profile: name=Profile 1 path=D:\Java-WorkSpace\.metadata\.plugins\org.eclipse.swt\EBWebView\Default lastActive=2026-08-12T07:43:28.978Z
2026-08-12 08:39:48.919: [INFO] LastUsedProfileDir: D:\Java-WorkSpace\.metadata\.plugins\org.eclipse.swt\EBWebView\Default
2026-08-12 08:39:48.919: [INFO] MostRecentlyActiveProfile: name=Profile 1 path=D:\Java-WorkSpace\.metadata\.plugins\org.eclipse.swt\EBWebView\Default lastActive=2026-08-12T07:43:28.978Z
2026-08-12 08:39:48.919: [INFO] OnDoneLoading sync enabled: 0
2026-08-12 08:39:48.919: [INFO] BookmarkModelLoaded, ids_reassigned: 0
2026-08-12 08:39:48.919: [INFO] BookmarksLoadDropped droppedNodes=0
2026-08-12 08:39:48.919: [INFO] BookmarksSnapshot Startup total=0 bar=0 other=0 mobile=0 showBar=0 showBarNTP=1
2026-08-12 08:39:56.597: [INFO] BookmarksSnapshot Shutdown total=0 bar=0 other=0 mobile=0 showBar=0 showBarNTP=1
2026-08-12 08:40:53.862: [INFO] CurrentProfilePath: D:\Java-WorkSpace\.metadata\.plugins\org.eclipse.swt\EBWebView\Default
2026-08-12 08:40:53.862: [INFO] Profiles total count: 1
2026-08-12 08:40:53.863: [INFO] Profile: name=Profile 1 path=D:\Java-WorkSpace\.metadata\.plugins\org.eclipse.swt\EBWebView\Default lastActive=2026-08-12T07:43:28.978Z
2026-08-12 08:40:53.863: [INFO] LastUsedProfileDir: D:\Java-WorkSpace\.metadata\.plugins\org.eclipse.swt\EBWebView\Default
2026-08-12 08:40:53.863: [INFO] MostRecentlyActiveProfile: name=Profile 1 path=D:\Java-WorkSpace\.metadata\.plugins\org.eclipse.swt\EBWebView\Default lastActive=2026-08-12T07:43:28.978Z
2026-08-12 08:40:53.863: [INFO] OnDoneLoading sync enabled: 0
2026-08-12 08:40:53.863: [INFO] BookmarkModelLoaded, ids_reassigned: 0
2026-08-12 08:40:53.863: [INFO] BookmarksLoadDropped droppedNodes=0
2026-08-12 08:40:53.863: [INFO] BookmarksSnapshot Startup total=0 bar=0 other=0 mobile=0 showBar=0 showBarNTP=1
2026-08-12 08:44:07.078: [INFO] BookmarksSnapshot Shutdown total=0 bar=0 other=0 mobile=0 showBar=0 showBarNTP=1
2026-08-12 08:53:42.415: [INFO] CurrentProfilePath: D:\Java-WorkSpace\.metadata\.plugins\org.eclipse.swt\EBWebView\Default
2026-08-12 08:53:42.415: [INFO] Profiles total count: 1
2026-08-12 08:53:42.416: [INFO] Profile: name=Profile 1 path=D:\Java-WorkSpace\.metadata\.plugins\org.eclipse.swt\EBWebView\Default lastActive=2026-08-12T07:43:28.978Z
2026-08-12 08:53:42.416: [INFO] LastUsedProfileDir: D:\Java-WorkSpace\.metadata\.plugins\org.eclipse.swt\EBWebView\Default
2026-08-12 08:53:42.416: [INFO] MostRecentlyActiveProfile: name=Profile 1 path=D:\Java-WorkSpace\.metadata\.plugins\org.eclipse.swt\EBWebView\Default lastActive=2026-08-12T07:43:28.978Z
2026-08-12 08:53:42.416: [INFO] OnDoneLoading sync enabled: 0
2026-08-12 08:53:42.416: [INFO] BookmarkModelLoaded, ids_reassigned: 0
2026-08-12 08:53:42.416: [INFO] BookmarksLoadDropped droppedNodes=0
2026-08-12 08:53:42.416: [INFO] BookmarksSnapshot Startup total=0 bar=0 other=0 mobile=0 showBar=0 showBarNTP=1
2026-08-12 08:53:49.451: [INFO] BookmarksSnapshot Shutdown total=0 bar=0 other=0 mobile=0 showBar=0 showBarNTP=1
2026-08-12 08:54:02.659: [INFO] CurrentProfilePath: D:\Java-WorkSpace\.metadata\.plugins\org.eclipse.swt\EBWebView\Default
2026-08-12 08:54:02.659: [INFO] Profiles total count: 1
2026-08-12 08:54:02.659: [INFO] Profile: name=Profile 1 path=D:\Java-WorkSpace\.metadata\.plugins\org.eclipse.swt\EBWebView\Default lastActive=2026-08-12T07:43:28.978Z
2026-08-12 08:54:02.659: [INFO] LastUsedProfileDir: D:\Java-WorkSpace\.metadata\.plugins\org.eclipse.swt\EBWebView\Default
2026-08-12 08:54:02.659: [INFO] MostRecentlyActiveProfile: name=Profile 1 path=D:\Java-WorkSpace\.metadata\.plugins\org.eclipse.swt\EBWebView\Default lastActive=2026-08-12T07:43:28.978Z
2026-08-12 08:54:02.659: [INFO] OnDoneLoading sync enabled: 0
2026-08-12 08:54:02.659: [INFO] BookmarkModelLoaded, ids_reassigned: 0
2026-08-12 08:54:02.659: [INFO] BookmarksLoadDropped droppedNodes=0
2026-08-12 08:54:02.659: [INFO] BookmarksSnapshot Startup total=0 bar=0 other=0 mobile=0 showBar=0 showBarNTP=1
2026-08-12 08:54:07.055: [INFO] BookmarksSnapshot Shutdown total=0 bar=0 other=0 mobile=0 showBar=0 showBarNTP=1
2026-08-12 08:57:39.381: [INFO] CurrentProfilePath: D:\Java-WorkSpace\.metadata\.plugins\org.eclipse.swt\EBWebView\Default
2026-08-12 08:57:39.381: [INFO] Profiles total count: 1
2026-08-12 08:57:39.382: [INFO] Profile: name=Profile 1 path=D:\Java-WorkSpace\.metadata\.plugins\org.eclipse.swt\EBWebView\Default lastActive=2026-08-12T07:43:28.978Z
2026-08-12 08:57:39.382: [INFO] LastUsedProfileDir: D:\Java-WorkSpace\.metadata\.plugins\org.eclipse.swt\EBWebView\Default
2026-08-12 08:57:39.382: [INFO] MostRecentlyActiveProfile: name=Profile 1 path=D:\Java-WorkSpace\.metadata\.plugins\org.eclipse.swt\EBWebView\Default lastActive=2026-08-12T07:43:28.978Z
2026-08-12 08:57:39.382: [INFO] OnDoneLoading sync enabled: 0
2026-08-12 08:57:39.382: [INFO] BookmarkModelLoaded, ids_reassigned: 0
2026-08-12 08:57:39.382: [INFO] BookmarksLoadDropped droppedNodes=0
2026-08-12 08:57:39.382: [INFO] BookmarksSnapshot Startup total=0 bar=0 other=0 mobile=0 showBar=0 showBarNTP=1
2026-08-12 08:57:43.442: [INFO] BookmarksSnapshot Shutdown total=0 bar=0 other=0 mobile=0 showBar=0 showBarNTP=1
2026-08-12 09:00:45.389: [INFO] CurrentProfilePath: D:\Java-WorkSpace\.metadata\.plugins\org.eclipse.swt\EBWebView\Default
2026-08-12 09:00:45.389: [INFO] Profiles total count: 1
2026-08-12 09:00:45.389: [INFO] Profile: name=Profile 1 path=D:\Java-WorkSpace\.metadata\.plugins\org.eclipse.swt\EBWebView\Default lastActive=2026-08-12T07:43:28.978Z
2026-08-12 09:00:45.389: [INFO] LastUsedProfileDir: D:\Java-WorkSpace\.metadata\.plugins\org.eclipse.swt\EBWebView\Default
2026-08-12 09:00:45.389: [INFO] MostRecentlyActiveProfile: name=Profile 1 path=D:\Java-WorkSpace\.metadata\.plugins\org.eclipse.swt\EBWebView\Default lastActive=2026-08-12T07:43:28.978Z
2026-08-12 09:00:45.389: [INFO] OnDoneLoading sync enabled: 0
2026-08-12 09:00:45.389: [INFO] BookmarkModelLoaded, ids_reassigned: 0
2026-08-12 09:00:45.389: [INFO] BookmarksLoadDropped droppedNodes=0
2026-08-12 09:00:45.389: [INFO] BookmarksSnapshot Startup total=0 bar=0 other=0 mobile=0 showBar=0 showBarNTP=1
2026-08-13 04:55:40.540: [INFO] CurrentProfilePath: D:\Java-WorkSpace\.metadata\.plugins\org.eclipse.swt\EBWebView\Default
2026-08-13 04:55:40.540: [INFO] Profiles total count: 1
2026-08-13 04:55:40.540: [INFO] Profile: name=Profile 1 path=D:\Java-WorkSpace\.metadata\.plugins\org.eclipse.swt\EBWebView\Default lastActive=2026-08-12T07:43:28.978Z
2026-08-13 04:55:40.540: [INFO] LastUsedProfileDir: D:\Java-WorkSpace\.metadata\.plugins\org.eclipse.swt\EBWebView\Default
2026-08-13 04:55:40.541: [INFO] MostRecentlyActiveProfile: name=Profile 1 path=D:\Java-WorkSpace\.metadata\.plugins\org.eclipse.swt\EBWebView\Default lastActive=2026-08-12T07:43:28.978Z
2026-08-13 04:55:40.541: [INFO] OnDoneLoading sync enabled: 0
2026-08-13 04:55:40.541: [INFO] BookmarkModelLoaded, ids_reassigned: 0
2026-08-13 04:55:40.541: [INFO] BookmarksLoadDropped droppedNodes=0
2026-08-13 04:55:40.541: [INFO] BookmarksSnapshot Startup total=0 bar=0 other=0 mobile=0 showBar=0 showBarNTP=1
2026-08-13 04:56:29.502: [INFO] BookmarksSnapshot Shutdown total=0 bar=0 other=0 mobile=0 showBar=0 showBarNTP=1
2026-08-13 04:59:03.248: [INFO] CurrentProfilePath: D:\Java-WorkSpace\.metadata\.plugins\org.eclipse.swt\EBWebView\Default
2026-08-13 04:59:03.248: [INFO] Profiles total count: 1
2026-08-13 04:59:03.248: [INFO] Profile: name=Profile 1 path=D:\Java-WorkSpace\.metadata\.plugins\org.eclipse.swt\EBWebView\Default lastActive=2026-08-13T04:56:29.202Z
2026-08-13 04:59:03.248: [INFO] LastUsedProfileDir: D:\Java-WorkSpace\.metadata\.plugins\org.eclipse.swt\EBWebView\Default
2026-08-13 04:59:03.248: [INFO] MostRecentlyActiveProfile: name=Profile 1 path=D:\Java-WorkSpace\.metadata\.plugins\org.eclipse.swt\EBWebView\Default lastActive=2026-08-13T04:56:29.202Z
2026-08-13 04:59:03.248: [INFO] OnDoneLoading sync enabled: 0
2026-08-13 04:59:03.248: [INFO] BookmarkModelLoaded, ids_reassigned: 0
2026-08-13 04:59:03.248: [INFO] BookmarksLoadDropped droppedNodes=0
2026-08-13 04:59:03.248: [INFO] BookmarksSnapshot Startup total=0 bar=0 other=0 mobile=0 showBar=0 showBarNTP=1
2026-08-13 05:00:27.853: [INFO] BookmarksSnapshot Shutdown total=0 bar=0 other=0 mobile=0 showBar=0 showBarNTP=1
2026-08-13 05:02:24.372: [INFO] CurrentProfilePath: D:\Java-WorkSpace\.metadata\.plugins\org.eclipse.swt\EBWebView\Default
2026-08-13 05:02:24.372: [INFO] Profiles total count: 1
2026-08-13 05:02:24.372: [INFO] Profile: name=Profile 1 path=D:\Java-WorkSpace\.metadata\.plugins\org.eclipse.swt\EBWebView\Default lastActive=2026-08-13T04:56:29.202Z
2026-08-13 05:02:24.372: [INFO] LastUsedProfileDir: D:\Java-WorkSpace\.metadata\.plugins\org.eclipse.swt\EBWebView\Default
2026-08-13 05:02:24.372: [INFO] MostRecentlyActiveProfile: name=Profile 1 path=D:\Java-WorkSpace\.metadata\.plugins\org.eclipse.swt\EBWebView\Default lastActive=2026-08-13T04:56:29.202Z
2026-08-13 05:02:24.372: [INFO] OnDoneLoading sync enabled: 0
2026-08-13 05:02:24.372: [INFO] BookmarkModelLoaded, ids_reassigned: 0
2026-08-13 05:02:24.372: [INFO] BookmarksLoadDropped droppedNodes=0
2026-08-13 05:02:24.372: [INFO] BookmarksSnapshot Startup total=0 bar=0 other=0 mobile=0 showBar=0 showBarNTP=1
2026-08-13 05:06:05.198: [INFO] BookmarksSnapshot Shutdown total=0 bar=0 other=0 mobile=0 showBar=0 showBarNTP=1
2026-08-13 05:06:16.278: [INFO] CurrentProfilePath: D:\Java-WorkSpace\.metadata\.plugins\org.eclipse.swt\EBWebView\Default
2026-08-13 05:06:16.278: [INFO] Profiles total count: 1
2026-08-13 05:06:16.278: [INFO] Profile: name=Profile 1 path=D:\Java-WorkSpace\.metadata\.plugins\org.eclipse.swt\EBWebView\Default lastActive=2026-08-13T04:56:29.202Z
2026-08-13 05:06:16.278: [INFO] LastUsedProfileDir: D:\Java-WorkSpace\.metadata\.plugins\org.eclipse.swt\EBWebView\Default
2026-08-13 05:06:16.278: [INFO] MostRecentlyActiveProfile: name=Profile 1 path=D:\Java-WorkSpace\.metadata\.plugins\org.eclipse.swt\EBWebView\Default lastActive=2026-08-13T04:56:29.202Z
2026-08-13 05:06:16.278: [INFO] OnDoneLoading sync enabled: 0
2026-08-13 05:06:16.278: [INFO] BookmarkModelLoaded, ids_reassigned: 0
2026-08-13 05:06:16.278: [INFO] BookmarksLoadDropped droppedNodes=0
2026-08-13 05:06:16.278: [INFO] BookmarksSnapshot Startup total=0 bar=0 other=0 mobile=0 showBar=0 showBarNTP=1
2026-08-14 05:29:42.847: [INFO] CurrentProfilePath: D:\Java-WorkSpace\.metadata\.plugins\org.eclipse.swt\EBWebView\Default
2026-08-14 05:29:42.847: [INFO] Profiles total count: 1
2026-08-14 05:29:42.847: [INFO] Profile: name=Profile 1 path=D:\Java-WorkSpace\.metadata\.plugins\org.eclipse.swt\EBWebView\Default lastActive=2026-08-13T04:56:29.202Z
2026-08-14 05:29:42.847: [INFO] LastUsedProfileDir: D:\Java-WorkSpace\.metadata\.plugins\org.eclipse.swt\EBWebView\Default
2026-08-14 05:29:42.847: [INFO] MostRecentlyActiveProfile: name=Profile 1 path=D:\Java-WorkSpace\.metadata\.plugins\org.eclipse.swt\EBWebView\Default lastActive=2026-08-13T04:56:29.202Z
2026-08-14 05:29:42.847: [INFO] OnDoneLoading sync enabled: 0
2026-08-14 05:29:42.847: [INFO] BookmarkModelLoaded, ids_reassigned: 0
2026-08-14 05:29:42.847: [INFO] BookmarksLoadDropped droppedNodes=0
2026-08-14 05:29:42.847: [INFO] BookmarksSnapshot Startup total=0 bar=0 other=0 mobile=0 showBar=0 showBarNTP=1
2026-08-15 12:41:46.743: [INFO] CurrentProfilePath: D:\Java-WorkSpace\.metadata\.plugins\org.eclipse.swt\EBWebView\Default
2026-08-15 12:41:46.743: [INFO] Profiles total count: 1
2026-08-15 12:41:46.744: [INFO] Profile: name=Profile 1 path=D:\Java-WorkSpace\.metadata\.plugins\org.eclipse.swt\EBWebView\Default lastActive=2026-08-14T06:41:08.072Z
2026-08-15 12:41:46.744: [INFO] LastUsedProfileDir: D:\Java-WorkSpace\.metadata\.plugins\org.eclipse.swt\EBWebView\Default
2026-08-15 12:41:46.744: [INFO] MostRecentlyActiveProfile: name=Profile 1 path=D:\Java-WorkSpace\.metadata\.plugins\org.eclipse.swt\EBWebView\Default lastActive=2026-08-14T06:41:08.072Z
2026-08-15 12:41:46.744: [INFO] OnDoneLoading sync enabled: 0
2026-08-15 12:41:46.744: [INFO] BookmarkModelLoaded, ids_reassigned: 0
2026-08-15 12:41:46.744: [INFO] BookmarksLoadDropped droppedNodes=0
2026-08-15 12:41:46.744: [INFO] BookmarksSnapshot Startup total=0 bar=0 other=0 mobile=0 showBar=0 showBarNTP=1
2026-08-17 06:50:42.067: [INFO] CurrentProfilePath: D:\Java-WorkSpace\.metadata\.plugins\org.eclipse.swt\EBWebView\Default
2026-08-17 06:50:42.067: [INFO] Profiles total count: 1
2026-08-17 06:50:42.067: [INFO] Profile: name=Profile 1 path=D:\Java-WorkSpace\.metadata\.plugins\org.eclipse.swt\EBWebView\Default lastActive=2026-08-15T12:55:24.064Z
2026-08-17 06:50:42.067: [INFO] LastUsedProfileDir: D:\Java-WorkSpace\.metadata\.plugins\org.eclipse.swt\EBWebView\Default
2026-08-17 06:50:42.067: [INFO] MostRecentlyActiveProfile: name=Profile 1 path=D:\Java-WorkSpace\.metadata\.plugins\org.eclipse.swt\EBWebView\Default lastActive=2026-08-15T12:55:24.064Z
2026-08-17 06:50:42.067: [INFO] OnDoneLoading sync enabled: 0
2026-08-17 06:50:42.067: [INFO] BookmarkModelLoaded, ids_reassigned: 0
2026-08-17 06:50:42.067: [INFO] BookmarksLoadDropped droppedNodes=0
2026-08-17 06:50:42.067: [INFO] BookmarksSnapshot Startup total=0 bar=0 other=0 mobile=0 showBar=0 showBarNTP=1
2026-08-17 09:01:21.364: [INFO] BookmarksSnapshot Shutdown total=0 bar=0 other=0 mobile=0 showBar=0 showBarNTP=1
2026-08-17 10:50:33.382: [INFO] CurrentProfilePath: D:\Java-WorkSpace\.metadata\.plugins\org.eclipse.swt\EBWebView\Default
2026-08-17 10:50:33.382: [INFO] Profiles total count: 1
2026-08-17 10:50:33.382: [INFO] Profile: name=Profile 1 path=D:\Java-WorkSpace\.metadata\.plugins\org.eclipse.swt\EBWebView\Default lastActive=2026-08-17T08:29:03.556Z
2026-08-17 10:50:33.382: [INFO] LastUsedProfileDir: D:\Java-WorkSpace\.metadata\.plugins\org.eclipse.swt\EBWebView\Default
2026-08-17 10:50:33.382: [INFO] MostRecentlyActiveProfile: name=Profile 1 path=D:\Java-WorkSpace\.metadata\.plugins\org.eclipse.swt\EBWebView\Default lastActive=2026-08-17T08:29:03.556Z
2026-08-17 10:50:33.382: [INFO] OnDoneLoading sync enabled: 0
2026-08-17 10:50:33.382: [INFO] BookmarkModelLoaded, ids_reassigned: 0
2026-08-17 10:50:33.383: [INFO] BookmarksLoadDropped droppedNodes=0
2026-08-17 10:50:33.383: [INFO] BookmarksSnapshot Startup total=0 bar=0 other=0 mobile=0 showBar=0 showBarNTP=1
2026-08-17 12:06:35.912: [INFO] BookmarksSnapshot Shutdown total=0 bar=0 other=0 mobile=0 showBar=0 showBarNTP=1
2026-08-17 15:45:33.514: [INFO] CurrentProfilePath: D:\Java-WorkSpace\.metadata\.plugins\org.eclipse.swt\EBWebView\Default
2026-08-17 15:45:33.514: [INFO] Profiles total count: 1
2026-08-17 15:45:33.515: [INFO] Profile: name=Profile 1 path=D:\Java-WorkSpace\.metadata\.plugins\org.eclipse.swt\EBWebView\Default lastActive=2026-08-17T08:29:03.556Z
2026-08-17 15:45:33.515: [INFO] LastUsedProfileDir: D:\Java-WorkSpace\.metadata\.plugins\org.eclipse.swt\EBWebView\Default
2026-08-17 15:45:33.515: [INFO] MostRecentlyActiveProfile: name=Profile 1 path=D:\Java-WorkSpace\.metadata\.plugins\org.eclipse.swt\EBWebView\Default lastActive=2026-08-17T08:29:03.556Z
2026-08-17 15:45:33.515: [INFO] OnDoneLoading sync enabled: 0
2026-08-17 15:45:33.515: [INFO] BookmarkModelLoaded, ids_reassigned: 0
2026-08-17 15:45:33.515: [INFO] BookmarksLoadDropped droppedNodes=0
2026-08-17 15:45:33.515: [INFO] BookmarksSnapshot Startup total=0 bar=0 other=0 mobile=0 showBar=0 showBarNTP=1
2026-08-17 18:06:39.461: [INFO] BookmarksSnapshot Shutdown total=0 bar=0 other=0 mobile=0 showBar=0 showBarNTP=1
2026-08-18 04:09:27.822: [INFO] CurrentProfilePath: D:\Java-WorkSpace\.metadata\.plugins\org.eclipse.swt\EBWebView\Default
2026-08-18 04:09:27.822: [INFO] Profiles total count: 1
2026-08-18 04:09:27.822: [INFO] Profile: name=Profile 1 path=D:\Java-WorkSpace\.metadata\.plugins\org.eclipse.swt\EBWebView\Default lastActive=2026-08-17T17:35:13.296Z
2026-08-18 04:09:27.822: [INFO] LastUsedProfileDir: D:\Java-WorkSpace\.metadata\.plugins\org.eclipse.swt\EBWebView\Default
2026-08-18 04:09:27.822: [INFO] MostRecentlyActiveProfile: name=Profile 1 path=D:\Java-WorkSpace\.metadata\.plugins\org.eclipse.swt\EBWebView\Default lastActive=2026-08-17T17:35:13.296Z
2026-08-18 04:09:27.822: [INFO] OnDoneLoading sync enabled: 0
2026-08-18 04:09:27.822: [INFO] BookmarkModelLoaded, ids_reassigned: 0
2026-08-18 04:09:27.822: [INFO] BookmarksLoadDropped droppedNodes=0
2026-08-18 04:09:27.822: [INFO] BookmarksSnapshot Startup total=0 bar=0 other=0 mobile=0 showBar=0 showBarNTP=1
2026-08-18 04:09:38.586: [INFO] BookmarksSnapshot Shutdown total=0 bar=0 other=0 mobile=0 showBar=0 showBarNTP=1
2026-08-18 04:10:31.065: [INFO] CurrentProfilePath: D:\Java-WorkSpace\.metadata\.plugins\org.eclipse.swt\EBWebView\Default
2026-08-18 04:10:31.065: [INFO] Profiles total count: 1
2026-08-18 04:10:31.066: [INFO] Profile: name=Profile 1 path=D:\Java-WorkSpace\.metadata\.plugins\org.eclipse.swt\EBWebView\Default lastActive=2026-08-18T04:09:36.820Z
2026-08-18 04:10:31.066: [INFO] LastUsedProfileDir: D:\Java-WorkSpace\.metadata\.plugins\org.eclipse.swt\EBWebView\Default
2026-08-18 04:10:31.066: [INFO] MostRecentlyActiveProfile: name=Profile 1 path=D:\Java-WorkSpace\.metadata\.plugins\org.eclipse.swt\EBWebView\Default lastActive=2026-08-18T04:09:36.820Z
2026-08-18 04:10:31.066: [INFO] OnDoneLoading sync enabled: 0
2026-08-18 04:10:31.066: [INFO] BookmarkModelLoaded, ids_reassigned: 0
2026-08-18 04:10:31.066: [INFO] BookmarksLoadDropped droppedNodes=0
2026-08-18 04:10:31.066: [INFO] BookmarksSnapshot Startup total=0 bar=0 other=0 mobile=0 showBar=0 showBarNTP=1
2026-08-18 04:56:38.359: [INFO] BookmarksSnapshot Shutdown total=0 bar=0 other=0 mobile=0 showBar=0 showBarNTP=1
2026-08-18 05:19:43.783: [INFO] CurrentProfilePath: D:\Java-WorkSpace\.metadata\.plugins\org.eclipse.swt\EBWebView\Default
2026-08-18 05:19:43.783: [INFO] Profiles total count: 1
2026-08-18 05:19:43.783: [INFO] Profile: name=Profile 1 path=D:\Java-WorkSpace\.metadata\.plugins\org.eclipse.swt\EBWebView\Default lastActive=2026-08-18T04:09:36.820Z
2026-08-18 05:19:43.783: [INFO] LastUsedProfileDir: D:\Java-WorkSpace\.metadata\.plugins\org.eclipse.swt\EBWebView\Default
2026-08-18 05:19:43.783: [INFO] MostRecentlyActiveProfile: name=Profile 1 path=D:\Java-WorkSpace\.metadata\.plugins\org.eclipse.swt\EBWebView\Default lastActive=2026-08-18T04:09:36.820Z
2026-08-18 05:19:43.783: [INFO] OnDoneLoading sync enabled: 0
2026-08-18 05:19:43.783: [INFO] BookmarkModelLoaded, ids_reassigned: 0
2026-08-18 05:19:43.783: [INFO] BookmarksLoadDropped droppedNodes=0
2026-08-18 05:19:43.783: [INFO] BookmarksSnapshot Startup total=0 bar=0 other=0 mobile=0 showBar=0 showBarNTP=1
2026-08-18 05:19:48.570: [INFO] BookmarksSnapshot Shutdown total=0 bar=0 other=0 mobile=0 showBar=0 showBarNTP=1
2026-08-18 05:20:08.014: [INFO] CurrentProfilePath: D:\Java-WorkSpace\.metadata\.plugins\org.eclipse.swt\EBWebView\Default
2026-08-18 05:20:08.014: [INFO] Profiles total count: 1
2026-08-18 05:20:08.014: [INFO] Profile: name=Profile 1 path=D:\Java-WorkSpace\.metadata\.plugins\org.eclipse.swt\EBWebView\Default lastActive=2026-08-18T04:09:36.820Z
2026-08-18 05:20:08.014: [INFO] LastUsedProfileDir: D:\Java-WorkSpace\.metadata\.plugins\org.eclipse.swt\EBWebView\Default
2026-08-18 05:20:08.015: [INFO] MostRecentlyActiveProfile: name=Profile 1 path=D:\Java-WorkSpace\.metadata\.plugins\org.eclipse.swt\EBWebView\Default lastActive=2026-08-18T04:09:36.820Z
2026-08-18 05:20:08.015: [INFO] OnDoneLoading sync enabled: 0
2026-08-18 05:20:08.015: [INFO] BookmarkModelLoaded, ids_reassigned: 0
2026-08-18 05:20:08.015: [INFO] BookmarksLoadDropped droppedNodes=0
2026-08-18 05:20:08.015: [INFO] BookmarksSnapshot Startup total=0 bar=0 other=0 mobile=0 showBar=0 showBarNTP=1
2026-08-18 05:20:10.280: [INFO] BookmarksSnapshot Shutdown total=0 bar=0 other=0 mobile=0 showBar=0 showBarNTP=1
2026-08-18 05:39:45.246: [INFO] CurrentProfilePath: D:\Java-WorkSpace\.metadata\.plugins\org.eclipse.swt\EBWebView\Default
2026-08-18 05:39:45.246: [INFO] Profiles total count: 1
2026-08-18 05:39:45.246: [INFO] Profile: name=Profile 1 path=D:\Java-WorkSpace\.metadata\.plugins\org.eclipse.swt\EBWebView\Default lastActive=2026-08-18T04:09:36.820Z
2026-08-18 05:39:45.246: [INFO] LastUsedProfileDir: D:\Java-WorkSpace\.metadata\.plugins\org.eclipse.swt\EBWebView\Default
2026-08-18 05:39:45.246: [INFO] MostRecentlyActiveProfile: name=Profile 1 path=D:\Java-WorkSpace\.metadata\.plugins\org.eclipse.swt\EBWebView\Default lastActive=2026-08-18T04:09:36.820Z
2026-08-18 05:39:45.246: [INFO] OnDoneLoading sync enabled: 0
2026-08-18 05:39:45.246: [INFO] BookmarkModelLoaded, ids_reassigned: 0
2026-08-18 05:39:45.246: [INFO] BookmarksLoadDropped droppedNodes=0
2026-08-18 05:39:45.247: [INFO] BookmarksSnapshot Startup total=0 bar=0 other=0 mobile=0 showBar=0 showBarNTP=1
2026-08-18 05:39:49.983: [INFO] BookmarksSnapshot Shutdown total=0 bar=0 other=0 mobile=0 showBar=0 showBarNTP=1
2026-08-18 05:40:15.987: [INFO] CurrentProfilePath: D:\Java-WorkSpace\.metadata\.plugins\org.eclipse.swt\EBWebView\Default
2026-08-18 05:40:15.987: [INFO] Profiles total count: 1
2026-08-18 05:40:15.988: [INFO] Profile: name=Profile 1 path=D:\Java-WorkSpace\.metadata\.plugins\org.eclipse.swt\EBWebView\Default lastActive=2026-08-18T04:09:36.820Z
2026-08-18 05:40:15.988: [INFO] LastUsedProfileDir: D:\Java-WorkSpace\.metadata\.plugins\org.eclipse.swt\EBWebView\Default
2026-08-18 05:40:15.988: [INFO] MostRecentlyActiveProfile: name=Profile 1 path=D:\Java-WorkSpace\.metadata\.plugins\org.eclipse.swt\EBWebView\Default lastActive=2026-08-18T04:09:36.820Z
2026-08-18 05:40:15.988: [INFO] OnDoneLoading sync enabled: 0
2026-08-18 05:40:15.988: [INFO] BookmarkModelLoaded, ids_reassigned: 0
2026-08-18 05:40:15.988: [INFO] BookmarksLoadDropped droppedNodes=0
2026-08-18 05:40:15.988: [INFO] BookmarksSnapshot Startup total=0 bar=0 other=0 mobile=0 showBar=0 showBarNTP=1
2026-08-18 05:40:20.055: [INFO] BookmarksSnapshot Shutdown total=0 bar=0 other=0 mobile=0 showBar=0 showBarNTP=1
2026-08-18 05:41:34.587: [INFO] CurrentProfilePath: D:\Java-WorkSpace\.metadata\.plugins\org.eclipse.swt\EBWebView\Default
2026-08-18 05:41:34.587: [INFO] Profiles total count: 1
2026-08-18 05:41:34.588: [INFO] Profile: name=Profile 1 path=D:\Java-WorkSpace\.metadata\.plugins\org.eclipse.swt\EBWebView\Default lastActive=2026-08-18T04:09:36.820Z
2026-08-18 05:41:34.588: [INFO] LastUsedProfileDir: D:\Java-WorkSpace\.metadata\.plugins\org.eclipse.swt\EBWebView\Default
2026-08-18 05:41:34.588: [INFO] MostRecentlyActiveProfile: name=Profile 1 path=D:\Java-WorkSpace\.metadata\.plugins\org.eclipse.swt\EBWebView\Default lastActive=2026-08-18T04:09:36.820Z
2026-08-18 05:41:34.588: [INFO] OnDoneLoading sync enabled: 0
2026-08-18 05:41:34.588: [INFO] BookmarkModelLoaded, ids_reassigned: 0
2026-08-18 05:41:34.588: [INFO] BookmarksLoadDropped droppedNodes=0
2026-08-18 05:41:34.588: [INFO] BookmarksSnapshot Startup total=0 bar=0 other=0 mobile=0 showBar=0 showBarNTP=1
2026-08-18 05:41:37.378: [INFO] BookmarksSnapshot Shutdown total=0 bar=0 other=0 mobile=0 showBar=0 showBarNTP=1
2026-08-18 05:42:51.140: [INFO] CurrentProfilePath: D:\Java-WorkSpace\.metadata\.plugins\org.eclipse.swt\EBWebView\Default
2026-08-18 05:42:51.140: [INFO] Profiles total count: 1
2026-08-18 05:42:51.141: [INFO] Profile: name=Profile 1 path=D:\Java-WorkSpace\.metadata\.plugins\org.eclipse.swt\EBWebView\Default lastActive=2026-08-18T04:09:36.820Z
2026-08-18 05:42:51.141: [INFO] LastUsedProfileDir: D:\Java-WorkSpace\.metadata\.plugins\org.eclipse.swt\EBWebView\Default
2026-08-18 05:42:51.141: [INFO] MostRecentlyActiveProfile: name=Profile 1 path=D:\Java-WorkSpace\.metadata\.plugins\org.eclipse.swt\EBWebView\Default lastActive=2026-08-18T04:09:36.820Z
2026-08-18 05:42:51.141: [INFO] OnDoneLoading sync enabled: 0
2026-08-18 05:42:51.141: [INFO] BookmarkModelLoaded, ids_reassigned: 0
2026-08-18 05:42:51.141: [INFO] BookmarksLoadDropped droppedNodes=0
2026-08-18 05:42:51.141: [INFO] BookmarksSnapshot Startup total=0 bar=0 other=0 mobile=0 showBar=0 showBarNTP=1
2026-08-18 05:42:57.344: [INFO] BookmarksSnapshot Shutdown total=0 bar=0 other=0 mobile=0 showBar=0 showBarNTP=1
2026-08-18 05:43:35.465: [INFO] CurrentProfilePath: D:\Java-WorkSpace\.metadata\.plugins\org.eclipse.swt\EBWebView\Default
2026-08-18 05:43:35.465: [INFO] Profiles total count: 1
2026-08-18 05:43:35.465: [INFO] Profile: name=Profile 1 path=D:\Java-WorkSpace\.metadata\.plugins\org.eclipse.swt\EBWebView\Default lastActive=2026-08-18T04:09:36.820Z
2026-08-18 05:43:35.465: [INFO] LastUsedProfileDir: D:\Java-WorkSpace\.metadata\.plugins\org.eclipse.swt\EBWebView\Default
2026-08-18 05:43:35.465: [INFO] MostRecentlyActiveProfile: name=Profile 1 path=D:\Java-WorkSpace\.metadata\.plugins\org.eclipse.swt\EBWebView\Default lastActive=2026-08-18T04:09:36.820Z
2026-08-18 05:43:35.465: [INFO] OnDoneLoading sync enabled: 0
2026-08-18 05:43:35.465: [INFO] BookmarkModelLoaded, ids_reassigned: 0
2026-08-18 05:43:35.465: [INFO] BookmarksLoadDropped droppedNodes=0
2026-08-18 05:43:35.465: [INFO] BookmarksSnapshot Startup total=0 bar=0 other=0 mobile=0 showBar=0 showBarNTP=1
2026-08-18 05:43:38.023: [INFO] BookmarksSnapshot Shutdown total=0 bar=0 other=0 mobile=0 showBar=0 showBarNTP=1
2026-08-18 05:44:48.748: [INFO] CurrentProfilePath: D:\Java-WorkSpace\.metadata\.plugins\org.eclipse.swt\EBWebView\Default
2026-08-18 05:44:48.748: [INFO] Profiles total count: 1
2026-08-18 05:44:48.748: [INFO] Profile: name=Profile 1 path=D:\Java-WorkSpace\.metadata\.plugins\org.eclipse.swt\EBWebView\Default lastActive=2026-08-18T04:09:36.820Z
2026-08-18 05:44:48.748: [INFO] LastUsedProfileDir: D:\Java-WorkSpace\.metadata\.plugins\org.eclipse.swt\EBWebView\Default
2026-08-18 05:44:48.748: [INFO] MostRecentlyActiveProfile: name=Profile 1 path=D:\Java-WorkSpace\.metadata\.plugins\org.eclipse.swt\EBWebView\Default lastActive=2026-08-18T04:09:36.820Z
2026-08-18 05:44:48.748: [INFO] OnDoneLoading sync enabled: 0
2026-08-18 05:44:48.748: [INFO] BookmarkModelLoaded, ids_reassigned: 0
2026-08-18 05:44:48.748: [INFO] BookmarksLoadDropped droppedNodes=0
2026-08-18 05:44:48.748: [INFO] BookmarksSnapshot Startup total=0 bar=0 other=0 mobile=0 showBar=0 showBarNTP=1
2026-08-18 05:46:49.249: [INFO] BookmarksSnapshot Shutdown total=0 bar=0 other=0 mobile=0 showBar=0 showBarNTP=1
2026-08-18 07:35:15.291: [INFO] CurrentProfilePath: D:\Java-WorkSpace\.metadata\.plugins\org.eclipse.swt\EBWebView\Default
2026-08-18 07:35:15.291: [INFO] Profiles total count: 1
2026-08-18 07:35:15.292: [INFO] Profile: name=Profile 1 path=D:\Java-WorkSpace\.metadata\.plugins\org.eclipse.swt\EBWebView\Default lastActive=2026-08-18T04:09:36.820Z
2026-08-18 07:35:15.292: [INFO] LastUsedProfileDir: D:\Java-WorkSpace\.metadata\.plugins\org.eclipse.swt\EBWebView\Default
2026-08-18 07:35:15.292: [INFO] MostRecentlyActiveProfile: name=Profile 1 path=D:\Java-WorkSpace\.metadata\.plugins\org.eclipse.swt\EBWebView\Default lastActive=2026-08-18T04:09:36.820Z
2026-08-18 07:35:15.292: [INFO] OnDoneLoading sync enabled: 0
2026-08-18 07:35:15.292: [INFO] BookmarkModelLoaded, ids_reassigned: 0
2026-08-18 07:35:15.292: [INFO] BookmarksLoadDropped droppedNodes=0
2026-08-18 07:35:15.292: [INFO] BookmarksSnapshot Startup total=0 bar=0 other=0 mobile=0 showBar=0 showBarNTP=1
2026-08-18 09:21:18.680: [INFO] BookmarksSnapshot Shutdown total=0 bar=0 other=0 mobile=0 showBar=0 showBarNTP=1
2026-08-18 09:30:27.906: [INFO] CurrentProfilePath: D:\Java-WorkSpace\.metadata\.plugins\org.eclipse.swt\EBWebView\Default
2026-08-18 09:30:27.906: [INFO] Profiles total count: 1
2026-08-18 09:30:27.906: [INFO] Profile: name=Profile 1 path=D:\Java-WorkSpace\.metadata\.plugins\org.eclipse.swt\EBWebView\Default lastActive=2026-08-18T09:08:54.149Z
2026-08-18 09:30:27.906: [INFO] LastUsedProfileDir: D:\Java-WorkSpace\.metadata\.plugins\org.eclipse.swt\EBWebView\Default
2026-08-18 09:30:27.906: [INFO] MostRecentlyActiveProfile: name=Profile 1 path=D:\Java-WorkSpace\.metadata\.plugins\org.eclipse.swt\EBWebView\Default lastActive=2026-08-18T09:08:54.149Z
2026-08-18 09:30:27.906: [INFO] OnDoneLoading sync enabled: 0
2026-08-18 09:30:27.906: [INFO] BookmarkModelLoaded, ids_reassigned: 0
2026-08-18 09:30:27.906: [INFO] BookmarksLoadDropped droppedNodes=0
2026-08-18 09:30:27.906: [INFO] BookmarksSnapshot Startup total=0 bar=0 other=0 mobile=0 showBar=0 showBarNTP=1
2026-08-18 09:33:28.946: [INFO] BookmarksSnapshot Shutdown total=0 bar=0 other=0 mobile=0 showBar=0 showBarNTP=1
2026-08-18 09:40:36.191: [INFO] CurrentProfilePath: D:\Java-WorkSpace\.metadata\.plugins\org.eclipse.swt\EBWebView\Default
2026-08-18 09:40:36.191: [INFO] Profiles total count: 1
2026-08-18 09:40:36.191: [INFO] Profile: name=Profile 1 path=D:\Java-WorkSpace\.metadata\.plugins\org.eclipse.swt\EBWebView\Default lastActive=2026-08-18T09:08:54.149Z
2026-08-18 09:40:36.191: [INFO] LastUsedProfileDir: D:\Java-WorkSpace\.metadata\.plugins\org.eclipse.swt\EBWebView\Default
2026-08-18 09:40:36.191: [INFO] MostRecentlyActiveProfile: name=Profile 1 path=D:\Java-WorkSpace\.metadata\.plugins\org.eclipse.swt\EBWebView\Default lastActive=2026-08-18T09:08:54.149Z
2026-08-18 09:40:36.191: [INFO] OnDoneLoading sync enabled: 0
2026-08-18 09:40:36.191: [INFO] BookmarkModelLoaded, ids_reassigned: 0
2026-08-18 09:40:36.191: [INFO] BookmarksLoadDropped droppedNodes=0
2026-08-18 09:40:36.191: [INFO] BookmarksSnapshot Startup total=0 bar=0 other=0 mobile=0 showBar=0 showBarNTP=1
2026-08-18 09:53:09.643: [INFO] BookmarksSnapshot Shutdown total=0 bar=0 other=0 mobile=0 showBar=0 showBarNTP=1
2026-08-18 09:54:01.533: [INFO] CurrentProfilePath: D:\Java-WorkSpace\.metadata\.plugins\org.eclipse.swt\EBWebView\Default
2026-08-18 09:54:01.533: [INFO] Profiles total count: 1
2026-08-18 09:54:01.534: [INFO] Profile: name=Profile 1 path=D:\Java-WorkSpace\.metadata\.plugins\org.eclipse.swt\EBWebView\Default lastActive=2026-08-18T09:08:54.149Z
2026-08-18 09:54:01.534: [INFO] LastUsedProfileDir: D:\Java-WorkSpace\.metadata\.plugins\org.eclipse.swt\EBWebView\Default
2026-08-18 09:54:01.534: [INFO] MostRecentlyActiveProfile: name=Profile 1 path=D:\Java-WorkSpace\.metadata\.plugins\org.eclipse.swt\EBWebView\Default lastActive=2026-08-18T09:08:54.149Z
2026-08-18 09:54:01.534: [INFO] OnDoneLoading sync enabled: 0
2026-08-18 09:54:01.534: [INFO] BookmarkModelLoaded, ids_reassigned: 0
2026-08-18 09:54:01.534: [INFO] BookmarksLoadDropped droppedNodes=0
2026-08-18 09:54:01.534: [INFO] BookmarksSnapshot Startup total=0 bar=0 other=0 mobile=0 showBar=0 showBarNTP=1
2026-08-18 09:54:08.344: [INFO] BookmarksSnapshot Shutdown total=0 bar=0 other=0 mobile=0 showBar=0 showBarNTP=1
2026-08-18 09:56:18.744: [INFO] CurrentProfilePath: D:\Java-WorkSpace\.metadata\.plugins\org.eclipse.swt\EBWebView\Default
2026-08-18 09:56:18.744: [INFO] Profiles total count: 1
2026-08-18 09:56:18.744: [INFO] Profile: name=Profile 1 path=D:\Java-WorkSpace\.metadata\.plugins\org.eclipse.swt\EBWebView\Default lastActive=2026-08-18T09:54:04.319Z
2026-08-18 09:56:18.744: [INFO] LastUsedProfileDir: D:\Java-WorkSpace\.metadata\.plugins\org.eclipse.swt\EBWebView\Default
2026-08-18 09:56:18.744: [INFO] MostRecentlyActiveProfile: name=Profile 1 path=D:\Java-WorkSpace\.metadata\.plugins\org.eclipse.swt\EBWebView\Default lastActive=2026-08-18T09:54:04.319Z
2026-08-18 09:56:18.744: [INFO] OnDoneLoading sync enabled: 0
2026-08-18 09:56:18.744: [INFO] BookmarkModelLoaded, ids_reassigned: 0
2026-08-18 09:56:18.744: [INFO] BookmarksLoadDropped droppedNodes=0
2026-08-18 09:56:18.744: [INFO] BookmarksSnapshot Startup total=0 bar=0 other=0 mobile=0 showBar=0 showBarNTP=1
2026-08-18 18:11:02.419: [INFO] CurrentProfilePath: D:\Java-WorkSpace\.metadata\.plugins\org.eclipse.swt\EBWebView\Default
2026-08-18 18:11:02.419: [INFO] Profiles total count: 1
2026-08-18 18:11:02.419: [INFO] Profile: name=Profile 1 path=D:\Java-WorkSpace\.metadata\.plugins\org.eclipse.swt\EBWebView\Default lastActive=2026-08-18T09:54:04.319Z
2026-08-18 18:11:02.419: [INFO] LastUsedProfileDir: D:\Java-WorkSpace\.metadata\.plugins\org.eclipse.swt\EBWebView\Default
2026-08-18 18:11:02.419: [INFO] MostRecentlyActiveProfile: name=Profile 1 path=D:\Java-WorkSpace\.metadata\.plugins\org.eclipse.swt\EBWebView\Default lastActive=2026-08-18T09:54:04.319Z
2026-08-18 18:11:02.419: [INFO] OnDoneLoading sync enabled: 0
2026-08-18 18:11:02.420: [INFO] BookmarkModelLoaded, ids_reassigned: 0
2026-08-18 18:11:02.420: [INFO] BookmarksLoadDropped droppedNodes=0
2026-08-18 18:11:02.420: [INFO] BookmarksSnapshot Startup total=0 bar=0 other=0 mobile=0 showBar=0 showBarNTP=1
2026-08-18 18:11:18.442: [INFO] BookmarksSnapshot Shutdown total=0 bar=0 other=0 mobile=0 showBar=0 showBarNTP=1
2026-08-18 18:11:31.864: [INFO] CurrentProfilePath: D:\Java-WorkSpace\.metadata\.plugins\org.eclipse.swt\EBWebView\Default
2026-08-18 18:11:31.864: [INFO] Profiles total count: 1
2026-08-18 18:11:31.864: [INFO] Profile: name=Profile 1 path=D:\Java-WorkSpace\.metadata\.plugins\org.eclipse.swt\EBWebView\Default lastActive=2026-08-18T18:11:15.125Z
2026-08-18 18:11:31.864: [INFO] LastUsedProfileDir: D:\Java-WorkSpace\.metadata\.plugins\org.eclipse.swt\EBWebView\Default
2026-08-18 18:11:31.864: [INFO] MostRecentlyActiveProfile: name=Profile 1 path=D:\Java-WorkSpace\.metadata\.plugins\org.eclipse.swt\EBWebView\Default lastActive=2026-08-18T18:11:15.125Z
2026-08-18 18:11:31.864: [INFO] OnDoneLoading sync enabled: 0
2026-08-18 18:11:31.864: [INFO] BookmarkModelLoaded, ids_reassigned: 0
2026-08-18 18:11:31.864: [INFO] BookmarksLoadDropped droppedNodes=0
2026-08-18 18:11:31.864: [INFO] BookmarksSnapshot Startup total=0 bar=0 other=0 mobile=0 showBar=0 showBarNTP=1
2026-08-19 04:32:21.196: [INFO] CurrentProfilePath: D:\Java-WorkSpace\.metadata\.plugins\org.eclipse.swt\EBWebView\Default
2026-08-19 04:32:21.196: [INFO] Profiles total count: 1
2026-08-19 04:32:21.196: [INFO] Profile: name=Profile 1 path=D:\Java-WorkSpace\.metadata\.plugins\org.eclipse.swt\EBWebView\Default lastActive=2026-08-18T18:11:15.125Z
2026-08-19 04:32:21.196: [INFO] LastUsedProfileDir: D:\Java-WorkSpace\.metadata\.plugins\org.eclipse.swt\EBWebView\Default
2026-08-19 04:32:21.196: [INFO] MostRecentlyActiveProfile: name=Profile 1 path=D:\Java-WorkSpace\.metadata\.plugins\org.eclipse.swt\EBWebView\Default lastActive=2026-08-18T18:11:15.125Z
2026-08-19 04:32:21.196: [INFO] OnDoneLoading sync enabled: 0
2026-08-19 04:32:21.196: [INFO] BookmarkModelLoaded, ids_reassigned: 0
2026-08-19 04:32:21.196: [INFO] BookmarksLoadDropped droppedNodes=0
2026-08-19 04:32:21.196: [INFO] BookmarksSnapshot Startup total=0 bar=0 other=0 mobile=0 showBar=0 showBarNTP=1
2026-08-19 04:32:33.635: [INFO] BookmarksSnapshot Shutdown total=0 bar=0 other=0 mobile=0 showBar=0 showBarNTP=1
2026-08-19 14:25:06.616: [INFO] CurrentProfilePath: D:\Java-WorkSpace\.metadata\.plugins\org.eclipse.swt\EBWebView\Default
2026-08-19 14:25:06.616: [INFO] Profiles total count: 1
2026-08-19 14:25:06.616: [INFO] Profile: name=Profile 1 path=D:\Java-WorkSpace\.metadata\.plugins\org.eclipse.swt\EBWebView\Default lastActive=2026-08-19T04:32:26.135Z
2026-08-19 14:25:06.616: [INFO] LastUsedProfileDir: D:\Java-WorkSpace\.metadata\.plugins\org.eclipse.swt\EBWebView\Default
2026-08-19 14:25:06.616: [INFO] MostRecentlyActiveProfile: name=Profile 1 path=D:\Java-WorkSpace\.metadata\.plugins\org.eclipse.swt\EBWebView\Default lastActive=2026-08-19T04:32:26.135Z
2026-08-19 14:25:06.616: [INFO] OnDoneLoading sync enabled: 0
2026-08-19 14:25:06.616: [INFO] BookmarkModelLoaded, ids_reassigned: 0
2026-08-19 14:25:06.616: [INFO] BookmarksLoadDropped droppedNodes=0
2026-08-19 14:25:06.616: [INFO] BookmarksSnapshot Startup total=0 bar=0 other=0 mobile=0 showBar=0 showBarNTP=1
2026-08-19 14:25:34.235: [INFO] BookmarksSnapshot Shutdown total=0 bar=0 other=0 mobile=0 showBar=0 showBarNTP=1
2026-08-20 04:42:56.349: [INFO] CurrentProfilePath: D:\Java-WorkSpace\.metadata\.plugins\org.eclipse.swt\EBWebView\Default
2026-08-20 04:42:56.349: [INFO] Profiles total count: 1
2026-08-20 04:42:56.349: [INFO] Profile: name=Profile 1 path=D:\Java-WorkSpace\.metadata\.plugins\org.eclipse.swt\EBWebView\Default lastActive=2026-08-19T14:25:25.042Z
2026-08-20 04:42:56.349: [INFO] LastUsedProfileDir: D:\Java-WorkSpace\.metadata\.plugins\org.eclipse.swt\EBWebView\Default
2026-08-20 04:42:56.349: [INFO] MostRecentlyActiveProfile: name=Profile 1 path=D:\Java-WorkSpace\.metadata\.plugins\org.eclipse.swt\EBWebView\Default lastActive=2026-08-19T14:25:25.042Z
2026-08-20 04:42:56.349: [INFO] OnDoneLoading sync enabled: 0
2026-08-20 04:42:56.349: [INFO] BookmarkModelLoaded, ids_reassigned: 0
2026-08-20 04:42:56.349: [INFO] BookmarksLoadDropped droppedNodes=0
2026-08-20 04:42:56.349: [INFO] BookmarksSnapshot Startup total=0 bar=0 other=0 mobile=0 showBar=0 showBarNTP=1
2026-08-20 17:32:53.092: [INFO] CurrentProfilePath: D:\Java-WorkSpace\.metadata\.plugins\org.eclipse.swt\EBWebView\Default
2026-08-20 17:32:53.092: [INFO] Profiles total count: 1
2026-08-20 17:32:53.092: [INFO] Profile: name=Profile 1 path=D:\Java-WorkSpace\.metadata\.plugins\org.eclipse.swt\EBWebView\Default lastActive=2026-08-20T07:27:58.999Z
2026-08-20 17:32:53.092: [INFO] LastUsedProfileDir: D:\Java-WorkSpace\.metadata\.plugins\org.eclipse.swt\EBWebView\Default
2026-08-20 17:32:53.092: [INFO] MostRecentlyActiveProfile: name=Profile 1 path=D:\Java-WorkSpace\.metadata\.plugins\org.eclipse.swt\EBWebView\Default lastActive=2026-08-20T07:27:58.999Z
2026-08-20 17:32:53.092: [INFO] OnDoneLoading sync enabled: 0
2026-08-20 17:32:53.092: [INFO] BookmarkModelLoaded, ids_reassigned: 0
2026-08-20 17:32:53.092: [INFO] BookmarksLoadDropped droppedNodes=0
2026-08-20 17:32:53.092: [INFO] BookmarksSnapshot Startup total=0 bar=0 other=0 mobile=0 showBar=0 showBarNTP=1
2026-08-20 17:34:03.633: [INFO] BookmarksSnapshot Shutdown total=0 bar=0 other=0 mobile=0 showBar=0 showBarNTP=1
2026-08-20 19:50:40.842: [INFO] CurrentProfilePath: D:\Java-WorkSpace\.metadata\.plugins\org.eclipse.swt\EBWebView\Default
2026-08-20 19:50:40.842: [INFO] Profiles total count: 1
2026-08-20 19:50:40.842: [INFO] Profile: name=Profile 1 path=D:\Java-WorkSpace\.metadata\.plugins\org.eclipse.swt\EBWebView\Default lastActive=2026-08-20T17:34:02.141Z
2026-08-20 19:50:40.842: [INFO] LastUsedProfileDir: D:\Java-WorkSpace\.metadata\.plugins\org.eclipse.swt\EBWebView\Default
2026-08-20 19:50:40.842: [INFO] MostRecentlyActiveProfile: name=Profile 1 path=D:\Java-WorkSpace\.metadata\.plugins\org.eclipse.swt\EBWebView\Default lastActive=2026-08-20T17:34:02.141Z
2026-08-20 19:50:40.842: [INFO] OnDoneLoading sync enabled: 0
2026-08-20 19:50:40.842: [INFO] BookmarkModelLoaded, ids_reassigned: 0
2026-08-20 19:50:40.842: [INFO] BookmarksLoadDropped droppedNodes=0
2026-08-20 19:50:40.842: [INFO] BookmarksSnapshot Startup total=0 bar=0 other=0 mobile=0 showBar=0 showBarNTP=1
2026-08-23 12:09:36.466: [INFO] CurrentProfilePath: D:\Java-WorkSpace\.metadata\.plugins\org.eclipse.swt\EBWebView\Default
2026-08-23 12:09:36.466: [INFO] Profiles total count: 1
2026-08-23 12:09:36.467: [INFO] Profile: name=Profile 1 path=D:\Java-WorkSpace\.metadata\.plugins\org.eclipse.swt\EBWebView\Default lastActive=2026-08-20T17:34:02.141Z
2026-08-23 12:09:36.467: [INFO] LastUsedProfileDir: D:\Java-WorkSpace\.metadata\.plugins\org.eclipse.swt\EBWebView\Default
2026-08-23 12:09:36.467: [INFO] MostRecentlyActiveProfile: name=Profile 1 path=D:\Java-WorkSpace\.metadata\.plugins\org.eclipse.swt\EBWebView\Default lastActive=2026-08-20T17:34:02.141Z
2026-08-23 12:09:36.467: [INFO] OnDoneLoading sync enabled: 0
2026-08-23 12:09:36.467: [INFO] BookmarkModelLoaded, ids_reassigned: 0
2026-08-23 12:09:36.467: [INFO] BookmarksLoadDropped droppedNodes=0
2026-08-23 12:09:36.467: [INFO] BookmarksSnapshot Startup total=0 bar=0 other=0 mobile=0 showBar=0 showBarNTP=1
2026-08-23 13:17:48.121: [INFO] CurrentProfilePath: D:\Java-WorkSpace\.metadata\.plugins\org.eclipse.swt\EBWebView\Default
2026-08-23 13:17:48.121: [INFO] Profiles total count: 1
2026-08-23 13:17:48.122: [INFO] Profile: name=Profile 1 path=D:\Java-WorkSpace\.metadata\.plugins\org.eclipse.swt\EBWebView\Default lastActive=2026-08-23T12:17:09.772Z
2026-08-23 13:17:48.122: [INFO] LastUsedProfileDir: D:\Java-WorkSpace\.metadata\.plugins\org.eclipse.swt\EBWebView\Default
2026-08-23 13:17:48.122: [INFO] MostRecentlyActiveProfile: name=Profile 1 path=D:\Java-WorkSpace\.metadata\.plugins\org.eclipse.swt\EBWebView\Default lastActive=2026-08-23T12:17:09.772Z
2026-08-23 13:17:48.122: [INFO] OnDoneLoading sync enabled: 0
2026-08-23 13:17:48.122: [INFO] BookmarkModelLoaded, ids_reassigned: 0
2026-08-23 13:17:48.122: [INFO] BookmarksLoadDropped droppedNodes=0
2026-08-23 13:17:48.122: [INFO] BookmarksSnapshot Startup total=0 bar=0 other=0 mobile=0 showBar=0 showBarNTP=1
2026-08-23 13:30:28.104: [INFO] BookmarksSnapshot Shutdown total=0 bar=0 other=0 mobile=0 showBar=0 showBarNTP=1
2026-08-23 13:30:34.282: [INFO] CurrentProfilePath: D:\Java-WorkSpace\.metadata\.plugins\org.eclipse.swt\EBWebView\Default
2026-08-23 13:30:34.282: [INFO] Profiles total count: 1
2026-08-23 13:30:34.283: [INFO] Profile: name=Profile 1 path=D:\Java-WorkSpace\.metadata\.plugins\org.eclipse.swt\EBWebView\Default lastActive=2026-08-23T13:30:27.803Z
2026-08-23 13:30:34.283: [INFO] LastUsedProfileDir: D:\Java-WorkSpace\.metadata\.plugins\org.eclipse.swt\EBWebView\Default
2026-08-23 13:30:34.283: [INFO] MostRecentlyActiveProfile: name=Profile 1 path=D:\Java-WorkSpace\.metadata\.plugins\org.eclipse.swt\EBWebView\Default lastActive=2026-08-23T13:30:27.803Z
2026-08-23 13:30:34.283: [INFO] OnDoneLoading sync enabled: 0
2026-08-23 13:30:34.283: [INFO] BookmarkModelLoaded, ids_reassigned: 0
2026-08-23 13:30:34.283: [INFO] BookmarksLoadDropped droppedNodes=0
2026-08-23 13:30:34.283: [INFO] BookmarksSnapshot Startup total=0 bar=0 other=0 mobile=0 showBar=0 showBarNTP=1
2026-08-23 13:36:13.469: [INFO] BookmarksSnapshot Shutdown total=0 bar=0 other=0 mobile=0 showBar=0 showBarNTP=1
2026-08-23 13:38:10.916: [INFO] CurrentProfilePath: D:\Java-WorkSpace\.metadata\.plugins\org.eclipse.swt\EBWebView\Default
2026-08-23 13:38:10.916: [INFO] Profiles total count: 1
2026-08-23 13:38:10.916: [INFO] Profile: name=Profile 1 path=D:\Java-WorkSpace\.metadata\.plugins\org.eclipse.swt\EBWebView\Default lastActive=2026-08-23T13:30:27.803Z
2026-08-23 13:38:10.916: [INFO] LastUsedProfileDir: D:\Java-WorkSpace\.metadata\.plugins\org.eclipse.swt\EBWebView\Default
2026-08-23 13:38:10.916: [INFO] MostRecentlyActiveProfile: name=Profile 1 path=D:\Java-WorkSpace\.metadata\.plugins\org.eclipse.swt\EBWebView\Default lastActive=2026-08-23T13:30:27.803Z
2026-08-23 13:38:10.916: [INFO] OnDoneLoading sync enabled: 0
2026-08-23 13:38:10.916: [INFO] BookmarkModelLoaded, ids_reassigned: 0
2026-08-23 13:38:10.916: [INFO] BookmarksLoadDropped droppedNodes=0
2026-08-23 13:38:10.916: [INFO] BookmarksSnapshot Startup total=0 bar=0 other=0 mobile=0 showBar=0 showBarNTP=1
2026-08-23 13:38:29.496: [INFO] BookmarksSnapshot Shutdown total=0 bar=0 other=0 mobile=0 showBar=0 showBarNTP=1
2026-08-23 13:41:53.249: [INFO] CurrentProfilePath: D:\Java-WorkSpace\.metadata\.plugins\org.eclipse.swt\EBWebView\Default
2026-08-23 13:41:53.249: [INFO] Profiles total count: 1
2026-08-23 13:41:53.249: [INFO] Profile: name=Profile 1 path=D:\Java-WorkSpace\.metadata\.plugins\org.eclipse.swt\EBWebView\Default lastActive=2026-08-23T13:30:27.803Z
2026-08-23 13:41:53.249: [INFO] LastUsedProfileDir: D:\Java-WorkSpace\.metadata\.plugins\org.eclipse.swt\EBWebView\Default
2026-08-23 13:41:53.249: [INFO] MostRecentlyActiveProfile: name=Profile 1 path=D:\Java-WorkSpace\.metadata\.plugins\org.eclipse.swt\EBWebView\Default lastActive=2026-08-23T13:30:27.803Z
2026-08-23 13:41:53.249: [INFO] OnDoneLoading sync enabled: 0
2026-08-23 13:41:53.249: [INFO] BookmarkModelLoaded, ids_reassigned: 0
2026-08-23 13:41:53.249: [INFO] BookmarksLoadDropped droppedNodes=0
2026-08-23 13:41:53.249: [INFO] BookmarksSnapshot Startup total=0 bar=0 other=0 mobile=0 showBar=0 showBarNTP=1
2026-08-23 13:47:26.089: [INFO] BookmarksSnapshot Shutdown total=0 bar=0 other=0 mobile=0 showBar=0 showBarNTP=1
2026-08-23 13:47:43.285: [INFO] CurrentProfilePath: D:\Java-WorkSpace\.metadata\.plugins\org.eclipse.swt\EBWebView\Default
2026-08-23 13:47:43.285: [INFO] Profiles total count: 1
2026-08-23 13:47:43.286: [INFO] Profile: name=Profile 1 path=D:\Java-WorkSpace\.metadata\.plugins\org.eclipse.swt\EBWebView\Default lastActive=2026-08-23T13:45:39.937Z
2026-08-23 13:47:43.286: [INFO] LastUsedProfileDir: D:\Java-WorkSpace\.metadata\.plugins\org.eclipse.swt\EBWebView\Default
2026-08-23 13:47:43.286: [INFO] MostRecentlyActiveProfile: name=Profile 1 path=D:\Java-WorkSpace\.metadata\.plugins\org.eclipse.swt\EBWebView\Default lastActive=2026-08-23T13:45:39.937Z
2026-08-23 13:47:43.286: [INFO] OnDoneLoading sync enabled: 0
2026-08-23 13:47:43.286: [INFO] BookmarkModelLoaded, ids_reassigned: 0
2026-08-23 13:47:43.286: [INFO] BookmarksLoadDropped droppedNodes=0
2026-08-23 13:47:43.286: [INFO] BookmarksSnapshot Startup total=0 bar=0 other=0 mobile=0 showBar=0 showBarNTP=1
2026-08-23 13:48:27.253: [INFO] BookmarksSnapshot Shutdown total=0 bar=0 other=0 mobile=0 showBar=0 showBarNTP=1
2026-08-23 13:51:26.451: [INFO] CurrentProfilePath: D:\Java-WorkSpace\.metadata\.plugins\org.eclipse.swt\EBWebView\Default
2026-08-23 13:51:26.451: [INFO] Profiles total count: 1
2026-08-23 13:51:26.452: [INFO] Profile: name=Profile 1 path=D:\Java-WorkSpace\.metadata\.plugins\org.eclipse.swt\EBWebView\Default lastActive=2026-08-23T13:45:39.937Z
2026-08-23 13:51:26.452: [INFO] LastUsedProfileDir: D:\Java-WorkSpace\.metadata\.plugins\org.eclipse.swt\EBWebView\Default
2026-08-23 13:51:26.452: [INFO] MostRecentlyActiveProfile: name=Profile 1 path=D:\Java-WorkSpace\.metadata\.plugins\org.eclipse.swt\EBWebView\Default lastActive=2026-08-23T13:45:39.937Z
2026-08-23 13:51:26.452: [INFO] OnDoneLoading sync enabled: 0
2026-08-23 13:51:26.452: [INFO] BookmarkModelLoaded, ids_reassigned: 0
2026-08-23 13:51:26.452: [INFO] BookmarksLoadDropped droppedNodes=0
2026-08-23 13:51:26.452: [INFO] BookmarksSnapshot Startup total=0 bar=0 other=0 mobile=0 showBar=0 showBarNTP=1
2026-08-23 13:56:46.097: [INFO] BookmarksSnapshot Shutdown total=0 bar=0 other=0 mobile=0 showBar=0 showBarNTP=1
2026-08-23 14:19:32.428: [INFO] CurrentProfilePath: D:\Java-WorkSpace\.metadata\.plugins\org.eclipse.swt\EBWebView\Default
2026-08-23 14:19:32.428: [INFO] Profiles total count: 1
2026-08-23 14:19:32.428: [INFO] Profile: name=Profile 1 path=D:\Java-WorkSpace\.metadata\.plugins\org.eclipse.swt\EBWebView\Default lastActive=2026-08-23T13:45:39.937Z
2026-08-23 14:19:32.428: [INFO] LastUsedProfileDir: D:\Java-WorkSpace\.metadata\.plugins\org.eclipse.swt\EBWebView\Default
2026-08-23 14:19:32.428: [INFO] MostRecentlyActiveProfile: name=Profile 1 path=D:\Java-WorkSpace\.metadata\.plugins\org.eclipse.swt\EBWebView\Default lastActive=2026-08-23T13:45:39.937Z
2026-08-23 14:19:32.428: [INFO] OnDoneLoading sync enabled: 0
2026-08-23 14:19:32.428: [INFO] BookmarkModelLoaded, ids_reassigned: 0
2026-08-23 14:19:32.428: [INFO] BookmarksLoadDropped droppedNodes=0
2026-08-23 14:19:32.428: [INFO] BookmarksSnapshot Startup total=0 bar=0 other=0 mobile=0 showBar=0 showBarNTP=1
2026-08-23 14:20:15.204: [INFO] BookmarksSnapshot Shutdown total=0 bar=0 other=0 mobile=0 showBar=0 showBarNTP=1
2026-08-23 14:23:22.740: [INFO] CurrentProfilePath: D:\Java-WorkSpace\.metadata\.plugins\org.eclipse.swt\EBWebView\Default
2026-08-23 14:23:22.740: [INFO] Profiles total count: 1
2026-08-23 14:23:22.741: [INFO] Profile: name=Profile 1 path=D:\Java-WorkSpace\.metadata\.plugins\org.eclipse.swt\EBWebView\Default lastActive=2026-08-23T13:45:39.937Z
2026-08-23 14:23:22.741: [INFO] LastUsedProfileDir: D:\Java-WorkSpace\.metadata\.plugins\org.eclipse.swt\EBWebView\Default
2026-08-23 14:23:22.741: [INFO] MostRecentlyActiveProfile: name=Profile 1 path=D:\Java-WorkSpace\.metadata\.plugins\org.eclipse.swt\EBWebView\Default lastActive=2026-08-23T13:45:39.937Z
2026-08-23 14:23:22.741: [INFO] OnDoneLoading sync enabled: 0
2026-08-23 14:23:22.741: [INFO] BookmarkModelLoaded, ids_reassigned: 0
2026-08-23 14:23:22.741: [INFO] BookmarksLoadDropped droppedNodes=0
2026-08-23 14:23:22.741: [INFO] BookmarksSnapshot Startup total=0 bar=0 other=0 mobile=0 showBar=0 showBarNTP=1
2026-08-23 14:28:40.435: [INFO] BookmarksSnapshot Shutdown total=0 bar=0 other=0 mobile=0 showBar=0 showBarNTP=1
2026-08-23 14:30:33.605: [INFO] CurrentProfilePath: D:\Java-WorkSpace\.metadata\.plugins\org.eclipse.swt\EBWebView\Default
2026-08-23 14:30:33.606: [INFO] Profiles total count: 1
2026-08-23 14:30:33.606: [INFO] Profile: name=Profile 1 path=D:\Java-WorkSpace\.metadata\.plugins\org.eclipse.swt\EBWebView\Default lastActive=2026-08-23T13:45:39.937Z
2026-08-23 14:30:33.606: [INFO] LastUsedProfileDir: D:\Java-WorkSpace\.metadata\.plugins\org.eclipse.swt\EBWebView\Default
2026-08-23 14:30:33.606: [INFO] MostRecentlyActiveProfile: name=Profile 1 path=D:\Java-WorkSpace\.metadata\.plugins\org.eclipse.swt\EBWebView\Default lastActive=2026-08-23T13:45:39.937Z
2026-08-23 14:30:33.606: [INFO] OnDoneLoading sync enabled: 0
2026-08-23 14:30:33.606: [INFO] BookmarkModelLoaded, ids_reassigned: 0
2026-08-23 14:30:33.606: [INFO] BookmarksLoadDropped droppedNodes=0
2026-08-23 14:30:33.606: [INFO] BookmarksSnapshot Startup total=0 bar=0 other=0 mobile=0 showBar=0 showBarNTP=1
2026-08-23 14:35:15.869: [INFO] BookmarksSnapshot Shutdown total=0 bar=0 other=0 mobile=0 showBar=0 showBarNTP=1
2026-08-23 14:37:44.108: [INFO] CurrentProfilePath: D:\Java-WorkSpace\.metadata\.plugins\org.eclipse.swt\EBWebView\Default
2026-08-23 14:37:44.108: [INFO] Profiles total count: 1
2026-08-23 14:37:44.109: [INFO] Profile: name=Profile 1 path=D:\Java-WorkSpace\.metadata\.plugins\org.eclipse.swt\EBWebView\Default lastActive=2026-08-23T13:45:39.937Z
2026-08-23 14:37:44.109: [INFO] LastUsedProfileDir: D:\Java-WorkSpace\.metadata\.plugins\org.eclipse.swt\EBWebView\Default
2026-08-23 14:37:44.109: [INFO] MostRecentlyActiveProfile: name=Profile 1 path=D:\Java-WorkSpace\.metadata\.plugins\org.eclipse.swt\EBWebView\Default lastActive=2026-08-23T13:45:39.937Z
2026-08-23 14:37:44.109: [INFO] OnDoneLoading sync enabled: 0
2026-08-23 14:37:44.109: [INFO] BookmarkModelLoaded, ids_reassigned: 0
2026-08-23 14:37:44.109: [INFO] BookmarksLoadDropped droppedNodes=0
2026-08-23 14:37:44.109: [INFO] BookmarksSnapshot Startup total=0 bar=0 other=0 mobile=0 showBar=0 showBarNTP=1
2026-08-23 14:38:55.234: [INFO] BookmarksSnapshot Shutdown total=0 bar=0 other=0 mobile=0 showBar=0 showBarNTP=1
2026-08-23 14:39:51.880: [INFO] CurrentProfilePath: D:\Java-WorkSpace\.metadata\.plugins\org.eclipse.swt\EBWebView\Default
2026-08-23 14:39:51.880: [INFO] Profiles total count: 1
2026-08-23 14:39:51.881: [INFO] Profile: name=Profile 1 path=D:\Java-WorkSpace\.metadata\.plugins\org.eclipse.swt\EBWebView\Default lastActive=2026-08-23T13:45:39.937Z
2026-08-23 14:39:51.881: [INFO] LastUsedProfileDir: D:\Java-WorkSpace\.metadata\.plugins\org.eclipse.swt\EBWebView\Default
2026-08-23 14:39:51.881: [INFO] MostRecentlyActiveProfile: name=Profile 1 path=D:\Java-WorkSpace\.metadata\.plugins\org.eclipse.swt\EBWebView\Default lastActive=2026-08-23T13:45:39.937Z
2026-08-23 14:39:51.881: [INFO] OnDoneLoading sync enabled: 0
2026-08-23 14:39:51.881: [INFO] BookmarkModelLoaded, ids_reassigned: 0
2026-08-23 14:39:51.881: [INFO] BookmarksLoadDropped droppedNodes=0
2026-08-23 14:39:51.881: [INFO] BookmarksSnapshot Startup total=0 bar=0 other=0 mobile=0 showBar=0 showBarNTP=1
2026-08-23 15:19:26.062: [INFO] BookmarksSnapshot Shutdown total=0 bar=0 other=0 mobile=0 showBar=0 showBarNTP=1
2026-08-24 06:13:40.391: [INFO] CurrentProfilePath: D:\Java-WorkSpace\.metadata\.plugins\org.eclipse.swt\EBWebView\Default
2026-08-24 06:13:40.391: [INFO] Profiles total count: 1
2026-08-24 06:13:40.391: [INFO] Profile: name=Profile 1 path=D:\Java-WorkSpace\.metadata\.plugins\org.eclipse.swt\EBWebView\Default lastActive=2026-08-23T13:45:39.937Z
2026-08-24 06:13:40.391: [INFO] LastUsedProfileDir: D:\Java-WorkSpace\.metadata\.plugins\org.eclipse.swt\EBWebView\Default
2026-08-24 06:13:40.391: [INFO] MostRecentlyActiveProfile: name=Profile 1 path=D:\Java-WorkSpace\.metadata\.plugins\org.eclipse.swt\EBWebView\Default lastActive=2026-08-23T13:45:39.937Z
2026-08-24 06:13:40.391: [INFO] OnDoneLoading sync enabled: 0
2026-08-24 06:13:40.391: [INFO] BookmarkModelLoaded, ids_reassigned: 0
2026-08-24 06:13:40.391: [INFO] BookmarksLoadDropped droppedNodes=0
2026-08-24 06:13:40.391: [INFO] BookmarksSnapshot Startup total=0 bar=0 other=0 mobile=0 showBar=0 showBarNTP=1
2026-08-24 06:13:45.986: [INFO] BookmarksSnapshot Shutdown total=0 bar=0 other=0 mobile=0 showBar=0 showBarNTP=1
2026-08-24 06:13:47.498: [INFO] CurrentProfilePath: D:\Java-WorkSpace\.metadata\.plugins\org.eclipse.swt\EBWebView\Default
2026-08-24 06:13:47.499: [INFO] Profiles total count: 1
2026-08-24 06:13:47.499: [INFO] Profile: name=Profile 1 path=D:\Java-WorkSpace\.metadata\.plugins\org.eclipse.swt\EBWebView\Default lastActive=2026-08-24T06:13:43.270Z
2026-08-24 06:13:47.499: [INFO] LastUsedProfileDir: D:\Java-WorkSpace\.metadata\.plugins\org.eclipse.swt\EBWebView\Default
2026-08-24 06:13:47.499: [INFO] MostRecentlyActiveProfile: name=Profile 1 path=D:\Java-WorkSpace\.metadata\.plugins\org.eclipse.swt\EBWebView\Default lastActive=2026-08-24T06:13:43.270Z
2026-08-24 06:13:47.499: [INFO] OnDoneLoading sync enabled: 0
2026-08-24 06:13:47.499: [INFO] BookmarkModelLoaded, ids_reassigned: 0
2026-08-24 06:13:47.499: [INFO] BookmarksLoadDropped droppedNodes=0
2026-08-24 06:13:47.499: [INFO] BookmarksSnapshot Startup total=0 bar=0 other=0 mobile=0 showBar=0 showBarNTP=1
2026-08-24 07:29:06.461: [INFO] BookmarksSnapshot Shutdown total=0 bar=0 other=0 mobile=0 showBar=0 showBarNTP=1
2026-08-24 07:36:12.447: [INFO] CurrentProfilePath: D:\Java-WorkSpace\.metadata\.plugins\org.eclipse.swt\EBWebView\Default
2026-08-24 07:36:12.447: [INFO] Profiles total count: 1
2026-08-24 07:36:12.448: [INFO] Profile: name=Profile 1 path=D:\Java-WorkSpace\.metadata\.plugins\org.eclipse.swt\EBWebView\Default lastActive=2026-08-24T06:13:43.270Z
2026-08-24 07:36:12.448: [INFO] LastUsedProfileDir: D:\Java-WorkSpace\.metadata\.plugins\org.eclipse.swt\EBWebView\Default
2026-08-24 07:36:12.448: [INFO] MostRecentlyActiveProfile: name=Profile 1 path=D:\Java-WorkSpace\.metadata\.plugins\org.eclipse.swt\EBWebView\Default lastActive=2026-08-24T06:13:43.270Z
2026-08-24 07:36:12.448: [INFO] OnDoneLoading sync enabled: 0
2026-08-24 07:36:12.448: [INFO] BookmarkModelLoaded, ids_reassigned: 0
2026-08-24 07:36:12.448: [INFO] BookmarksLoadDropped droppedNodes=0
2026-08-24 07:36:12.448: [INFO] BookmarksSnapshot Startup total=0 bar=0 other=0 mobile=0 showBar=0 showBarNTP=1
2026-08-24 07:36:18.971: [INFO] BookmarksSnapshot Shutdown total=0 bar=0 other=0 mobile=0 showBar=0 showBarNTP=1
2026-08-24 07:42:08.817: [INFO] CurrentProfilePath: D:\Java-WorkSpace\.metadata\.plugins\org.eclipse.swt\EBWebView\Default
2026-08-24 07:42:08.817: [INFO] Profiles total count: 1
2026-08-24 07:42:08.818: [INFO] Profile: name=Profile 1 path=D:\Java-WorkSpace\.metadata\.plugins\org.eclipse.swt\EBWebView\Default lastActive=2026-08-24T07:36:17.286Z
2026-08-24 07:42:08.818: [INFO] LastUsedProfileDir: D:\Java-WorkSpace\.metadata\.plugins\org.eclipse.swt\EBWebView\Default
2026-08-24 07:42:08.818: [INFO] MostRecentlyActiveProfile: name=Profile 1 path=D:\Java-WorkSpace\.metadata\.plugins\org.eclipse.swt\EBWebView\Default lastActive=2026-08-24T07:36:17.286Z
2026-08-24 07:42:08.818: [INFO] OnDoneLoading sync enabled: 0
2026-08-24 07:42:08.818: [INFO] BookmarkModelLoaded, ids_reassigned: 0
2026-08-24 07:42:08.818: [INFO] BookmarksLoadDropped droppedNodes=0
2026-08-24 07:42:08.818: [INFO] BookmarksSnapshot Startup total=0 bar=0 other=0 mobile=0 showBar=0 showBarNTP=1
2026-08-24 07:42:15.067: [INFO] BookmarksSnapshot Shutdown total=0 bar=0 other=0 mobile=0 showBar=0 showBarNTP=1
2026-08-24 07:49:03.263: [INFO] CurrentProfilePath: D:\Java-WorkSpace\.metadata\.plugins\org.eclipse.swt\EBWebView\Default
2026-08-24 07:49:03.263: [INFO] Profiles total count: 1
2026-08-24 07:49:03.264: [INFO] Profile: name=Profile 1 path=D:\Java-WorkSpace\.metadata\.plugins\org.eclipse.swt\EBWebView\Default lastActive=2026-08-24T07:42:13.291Z
2026-08-24 07:49:03.264: [INFO] LastUsedProfileDir: D:\Java-WorkSpace\.metadata\.plugins\org.eclipse.swt\EBWebView\Default
2026-08-24 07:49:03.264: [INFO] MostRecentlyActiveProfile: name=Profile 1 path=D:\Java-WorkSpace\.metadata\.plugins\org.eclipse.swt\EBWebView\Default lastActive=2026-08-24T07:42:13.291Z
2026-08-24 07:49:03.264: [INFO] OnDoneLoading sync enabled: 0
2026-08-24 07:49:03.264: [INFO] BookmarkModelLoaded, ids_reassigned: 0
2026-08-24 07:49:03.264: [INFO] BookmarksLoadDropped droppedNodes=0
2026-08-24 07:49:03.264: [INFO] BookmarksSnapshot Startup total=0 bar=0 other=0 mobile=0 showBar=0 showBarNTP=1
2026-08-24 07:49:09.392: [INFO] BookmarksSnapshot Shutdown total=0 bar=0 other=0 mobile=0 showBar=0 showBarNTP=1
2026-08-24 07:53:15.480: [INFO] CurrentProfilePath: D:\Java-WorkSpace\.metadata\.plugins\org.eclipse.swt\EBWebView\Default
2026-08-24 07:53:15.480: [INFO] Profiles total count: 1
2026-08-24 07:53:15.480: [INFO] Profile: name=Profile 1 path=D:\Java-WorkSpace\.metadata\.plugins\org.eclipse.swt\EBWebView\Default lastActive=2026-08-24T07:49:07.824Z
2026-08-24 07:53:15.480: [INFO] LastUsedProfileDir: D:\Java-WorkSpace\.metadata\.plugins\org.eclipse.swt\EBWebView\Default
2026-08-24 07:53:15.481: [INFO] MostRecentlyActiveProfile: name=Profile 1 path=D:\Java-WorkSpace\.metadata\.plugins\org.eclipse.swt\EBWebView\Default lastActive=2026-08-24T07:49:07.824Z
2026-08-24 07:53:15.481: [INFO] OnDoneLoading sync enabled: 0
2026-08-24 07:53:15.481: [INFO] BookmarkModelLoaded, ids_reassigned: 0
2026-08-24 07:53:15.481: [INFO] BookmarksLoadDropped droppedNodes=0
2026-08-24 07:53:15.481: [INFO] BookmarksSnapshot Startup total=0 bar=0 other=0 mobile=0 showBar=0 showBarNTP=1
2026-08-24 07:53:20.964: [INFO] BookmarksSnapshot Shutdown total=0 bar=0 other=0 mobile=0 showBar=0 showBarNTP=1
2026-08-24 13:07:32.150: [INFO] CurrentProfilePath: D:\Java-WorkSpace\.metadata\.plugins\org.eclipse.swt\EBWebView\Default
2026-08-24 13:07:32.150: [INFO] Profiles total count: 1
2026-08-24 13:07:32.151: [INFO] Profile: name=Profile 1 path=D:\Java-WorkSpace\.metadata\.plugins\org.eclipse.swt\EBWebView\Default lastActive=2026-08-24T07:53:18.739Z
2026-08-24 13:07:32.151: [INFO] LastUsedProfileDir: D:\Java-WorkSpace\.metadata\.plugins\org.eclipse.swt\EBWebView\Default
2026-08-24 13:07:32.151: [INFO] MostRecentlyActiveProfile: name=Profile 1 path=D:\Java-WorkSpace\.metadata\.plugins\org.eclipse.swt\EBWebView\Default lastActive=2026-08-24T07:53:18.739Z
2026-08-24 13:07:32.151: [INFO] OnDoneLoading sync enabled: 0
2026-08-24 13:07:32.151: [INFO] BookmarkModelLoaded, ids_reassigned: 0
2026-08-24 13:07:32.151: [INFO] BookmarksLoadDropped droppedNodes=0
2026-08-24 13:07:32.151: [INFO] BookmarksSnapshot Startup total=0 bar=0 other=0 mobile=0 showBar=0 showBarNTP=1
2026-08-24 13:10:28.261: [INFO] BookmarksSnapshot Shutdown total=0 bar=0 other=0 mobile=0 showBar=0 showBarNTP=1
2026-08-24 13:11:07.794: [INFO] CurrentProfilePath: D:\Java-WorkSpace\.metadata\.plugins\org.eclipse.swt\EBWebView\Default
2026-08-24 13:11:07.794: [INFO] Profiles total count: 1
2026-08-24 13:11:07.795: [INFO] Profile: name=Profile 1 path=D:\Java-WorkSpace\.metadata\.plugins\org.eclipse.swt\EBWebView\Default lastActive=2026-08-24T13:10:27.936Z
2026-08-24 13:11:07.795: [INFO] LastUsedProfileDir: D:\Java-WorkSpace\.metadata\.plugins\org.eclipse.swt\EBWebView\Default
2026-08-24 13:11:07.795: [INFO] MostRecentlyActiveProfile: name=Profile 1 path=D:\Java-WorkSpace\.metadata\.plugins\org.eclipse.swt\EBWebView\Default lastActive=2026-08-24T13:10:27.936Z
2026-08-24 13:11:07.795: [INFO] OnDoneLoading sync enabled: 0
2026-08-24 13:11:07.795: [INFO] BookmarkModelLoaded, ids_reassigned: 0
2026-08-24 13:11:07.795: [INFO] BookmarksLoadDropped droppedNodes=0
2026-08-24 13:11:07.795: [INFO] BookmarksSnapshot Startup total=0 bar=0 other=0 mobile=0 showBar=0 showBarNTP=1
2026-08-24 13:23:37.911: [INFO] BookmarksSnapshot Shutdown total=0 bar=0 other=0 mobile=0 showBar=0 showBarNTP=1
2026-08-24 13:26:40.900: [INFO] CurrentProfilePath: D:\Java-WorkSpace\.metadata\.plugins\org.eclipse.swt\EBWebView\Default
2026-08-24 13:26:40.900: [INFO] Profiles total count: 1
2026-08-24 13:26:40.901: [INFO] Profile: name=Profile 1 path=D:\Java-WorkSpace\.metadata\.plugins\org.eclipse.swt\EBWebView\Default lastActive=2026-08-24T13:10:27.936Z
2026-08-24 13:26:40.901: [INFO] LastUsedProfileDir: D:\Java-WorkSpace\.metadata\.plugins\org.eclipse.swt\EBWebView\Default
2026-08-24 13:26:40.901: [INFO] MostRecentlyActiveProfile: name=Profile 1 path=D:\Java-WorkSpace\.metadata\.plugins\org.eclipse.swt\EBWebView\Default lastActive=2026-08-24T13:10:27.936Z
2026-08-24 13:26:40.901: [INFO] OnDoneLoading sync enabled: 0
2026-08-24 13:26:40.901: [INFO] BookmarkModelLoaded, ids_reassigned: 0
2026-08-24 13:26:40.901: [INFO] BookmarksLoadDropped droppedNodes=0
2026-08-24 13:26:40.901: [INFO] BookmarksSnapshot Startup total=0 bar=0 other=0 mobile=0 showBar=0 showBarNTP=1
2026-08-24 17:44:12.763: [INFO] CurrentProfilePath: D:\Java-WorkSpace\.metadata\.plugins\org.eclipse.swt\EBWebView\Default
2026-08-24 17:44:12.764: [INFO] Profiles total count: 1
2026-08-24 17:44:12.764: [INFO] Profile: name=Profile 1 path=D:\Java-WorkSpace\.metadata\.plugins\org.eclipse.swt\EBWebView\Default lastActive=2026-08-24T13:10:27.936Z
2026-08-24 17:44:12.764: [INFO] LastUsedProfileDir: D:\Java-WorkSpace\.metadata\.plugins\org.eclipse.swt\EBWebView\Default
2026-08-24 17:44:12.764: [INFO] MostRecentlyActiveProfile: name=Profile 1 path=D:\Java-WorkSpace\.metadata\.plugins\org.eclipse.swt\EBWebView\Default lastActive=2026-08-24T13:10:27.936Z
2026-08-24 17:44:12.764: [INFO] OnDoneLoading sync enabled: 0
2026-08-24 17:44:12.764: [INFO] BookmarkModelLoaded, ids_reassigned: 0
2026-08-24 17:44:12.764: [INFO] BookmarksLoadDropped droppedNodes=0
2026-08-24 17:44:12.764: [INFO] BookmarksSnapshot Startup total=0 bar=0 other=0 mobile=0 showBar=0 showBarNTP=1
2026-08-24 17:46:48.194: [INFO] BookmarksSnapshot Shutdown total=0 bar=0 other=0 mobile=0 showBar=0 showBarNTP=1
2026-08-24 17:46:50.179: [INFO] CurrentProfilePath: D:\Java-WorkSpace\.metadata\.plugins\org.eclipse.swt\EBWebView\Default
2026-08-24 17:46:50.179: [INFO] Profiles total count: 1
2026-08-24 17:46:50.180: [INFO] Profile: name=Profile 1 path=D:\Java-WorkSpace\.metadata\.plugins\org.eclipse.swt\EBWebView\Default lastActive=2026-08-24T17:46:43.879Z
2026-08-24 17:46:50.180: [INFO] LastUsedProfileDir: D:\Java-WorkSpace\.metadata\.plugins\org.eclipse.swt\EBWebView\Default
2026-08-24 17:46:50.180: [INFO] MostRecentlyActiveProfile: name=Profile 1 path=D:\Java-WorkSpace\.metadata\.plugins\org.eclipse.swt\EBWebView\Default lastActive=2026-08-24T17:46:43.879Z
2026-08-24 17:46:50.180: [INFO] OnDoneLoading sync enabled: 0
2026-08-24 17:46:50.180: [INFO] BookmarkModelLoaded, ids_reassigned: 0
2026-08-24 17:46:50.180: [INFO] BookmarksLoadDropped droppedNodes=0
2026-08-24 17:46:50.180: [INFO] BookmarksSnapshot Startup total=0 bar=0 other=0 mobile=0 showBar=0 showBarNTP=1
2026-08-24 17:47:00.882: [INFO] BookmarksSnapshot Shutdown total=0 bar=0 other=0 mobile=0 showBar=0 showBarNTP=1
2026-08-24 17:49:51.049: [INFO] CurrentProfilePath: D:\Java-WorkSpace\.metadata\.plugins\org.eclipse.swt\EBWebView\Default
2026-08-24 17:49:51.049: [INFO] Profiles total count: 1
2026-08-24 17:49:51.049: [INFO] Profile: name=Profile 1 path=D:\Java-WorkSpace\.metadata\.plugins\org.eclipse.swt\EBWebView\Default lastActive=2026-08-24T17:46:43.879Z
2026-08-24 17:49:51.049: [INFO] LastUsedProfileDir: D:\Java-WorkSpace\.metadata\.plugins\org.eclipse.swt\EBWebView\Default
2026-08-24 17:49:51.050: [INFO] MostRecentlyActiveProfile: name=Profile 1 path=D:\Java-WorkSpace\.metadata\.plugins\org.eclipse.swt\EBWebView\Default lastActive=2026-08-24T17:46:43.879Z
2026-08-24 17:49:51.050: [INFO] OnDoneLoading sync enabled: 0
2026-08-24 17:49:51.050: [INFO] BookmarkModelLoaded, ids_reassigned: 0
2026-08-24 17:49:51.050: [INFO] BookmarksLoadDropped droppedNodes=0
2026-08-24 17:49:51.050: [INFO] BookmarksSnapshot Startup total=0 bar=0 other=0 mobile=0 showBar=0 showBarNTP=1
2026-08-24 17:49:56.104: [INFO] BookmarksSnapshot Shutdown total=0 bar=0 other=0 mobile=0 showBar=0 showBarNTP=1
2026-08-24 17:52:36.115: [INFO] CurrentProfilePath: D:\Java-WorkSpace\.metadata\.plugins\org.eclipse.swt\EBWebView\Default
2026-08-24 17:52:36.115: [INFO] Profiles total count: 1
2026-08-24 17:52:36.115: [INFO] Profile: name=Profile 1 path=D:\Java-WorkSpace\.metadata\.plugins\org.eclipse.swt\EBWebView\Default lastActive=2026-08-24T17:46:43.879Z
2026-08-24 17:52:36.115: [INFO] LastUsedProfileDir: D:\Java-WorkSpace\.metadata\.plugins\org.eclipse.swt\EBWebView\Default
2026-08-24 17:52:36.115: [INFO] MostRecentlyActiveProfile: name=Profile 1 path=D:\Java-WorkSpace\.metadata\.plugins\org.eclipse.swt\EBWebView\Default lastActive=2026-08-24T17:46:43.879Z
2026-08-24 17:52:36.115: [INFO] OnDoneLoading sync enabled: 0
2026-08-24 17:52:36.116: [INFO] BookmarkModelLoaded, ids_reassigned: 0
2026-08-24 17:52:36.116: [INFO] BookmarksLoadDropped droppedNodes=0
2026-08-24 17:52:36.116: [INFO] BookmarksSnapshot Startup total=0 bar=0 other=0 mobile=0 showBar=0 showBarNTP=1
2026-08-24 17:53:18.469: [INFO] BookmarksSnapshot Shutdown total=0 bar=0 other=0 mobile=0 showBar=0 showBarNTP=1
2026-08-24 17:53:52.200: [INFO] CurrentProfilePath: D:\Java-WorkSpace\.metadata\.plugins\org.eclipse.swt\EBWebView\Default
2026-08-24 17:53:52.200: [INFO] Profiles total count: 1
2026-08-24 17:53:52.200: [INFO] Profile: name=Profile 1 path=D:\Java-WorkSpace\.metadata\.plugins\org.eclipse.swt\EBWebView\Default lastActive=2026-08-24T17:46:43.879Z
2026-08-24 17:53:52.200: [INFO] LastUsedProfileDir: D:\Java-WorkSpace\.metadata\.plugins\org.eclipse.swt\EBWebView\Default
2026-08-24 17:53:52.200: [INFO] MostRecentlyActiveProfile: name=Profile 1 path=D:\Java-WorkSpace\.metadata\.plugins\org.eclipse.swt\EBWebView\Default lastActive=2026-08-24T17:46:43.879Z
2026-08-24 17:53:52.201: [INFO] OnDoneLoading sync enabled: 0
2026-08-24 17:53:52.201: [INFO] BookmarkModelLoaded, ids_reassigned: 0
2026-08-24 17:53:52.201: [INFO] BookmarksLoadDropped droppedNodes=0
2026-08-24 17:53:52.201: [INFO] BookmarksSnapshot Startup total=0 bar=0 other=0 mobile=0 showBar=0 showBarNTP=1
2026-08-24 17:53:55.418: [INFO] BookmarksSnapshot Shutdown total=0 bar=0 other=0 mobile=0 showBar=0 showBarNTP=1
2026-08-24 17:55:57.093: [INFO] CurrentProfilePath: D:\Java-WorkSpace\.metadata\.plugins\org.eclipse.swt\EBWebView\Default
2026-08-24 17:55:57.093: [INFO] Profiles total count: 1
2026-08-24 17:55:57.094: [INFO] Profile: name=Profile 1 path=D:\Java-WorkSpace\.metadata\.plugins\org.eclipse.swt\EBWebView\Default lastActive=2026-08-24T17:46:43.879Z
2026-08-24 17:55:57.094: [INFO] LastUsedProfileDir: D:\Java-WorkSpace\.metadata\.plugins\org.eclipse.swt\EBWebView\Default
2026-08-24 17:55:57.094: [INFO] MostRecentlyActiveProfile: name=Profile 1 path=D:\Java-WorkSpace\.metadata\.plugins\org.eclipse.swt\EBWebView\Default lastActive=2026-08-24T17:46:43.879Z
2026-08-24 17:55:57.094: [INFO] OnDoneLoading sync enabled: 0
2026-08-24 17:55:57.094: [INFO] BookmarkModelLoaded, ids_reassigned: 0
2026-08-24 17:55:57.094: [INFO] BookmarksLoadDropped droppedNodes=0
2026-08-24 17:55:57.094: [INFO] BookmarksSnapshot Startup total=0 bar=0 other=0 mobile=0 showBar=0 showBarNTP=1
2026-08-24 18:42:28.592: [INFO] BookmarksSnapshot Shutdown total=0 bar=0 other=0 mobile=0 showBar=0 showBarNTP=1
2026-08-25 06:40:01.988: [INFO] CurrentProfilePath: D:\Java-WorkSpace\.metadata\.plugins\org.eclipse.swt\EBWebView\Default
2026-08-25 06:40:01.988: [INFO] Profiles total count: 1
2026-08-25 06:40:01.989: [INFO] Profile: name=Profile 1 path=D:\Java-WorkSpace\.metadata\.plugins\org.eclipse.swt\EBWebView\Default lastActive=2026-08-24T18:27:04.144Z
2026-08-25 06:40:01.989: [INFO] LastUsedProfileDir: D:\Java-WorkSpace\.metadata\.plugins\org.eclipse.swt\EBWebView\Default
2026-08-25 06:40:01.989: [INFO] MostRecentlyActiveProfile: name=Profile 1 path=D:\Java-WorkSpace\.metadata\.plugins\org.eclipse.swt\EBWebView\Default lastActive=2026-08-24T18:27:04.144Z
2026-08-25 06:40:01.989: [INFO] OnDoneLoading sync enabled: 0
2026-08-25 06:40:01.989: [INFO] BookmarkModelLoaded, ids_reassigned: 0
2026-08-25 06:40:01.989: [INFO] BookmarksLoadDropped droppedNodes=0
2026-08-25 06:40:01.989: [INFO] BookmarksSnapshot Startup total=0 bar=0 other=0 mobile=0 showBar=0 showBarNTP=1
2026-08-25 07:14:12.826: [INFO] BookmarksSnapshot Shutdown total=0 bar=0 other=0 mobile=0 showBar=0 showBarNTP=1
2026-08-25 07:15:50.259: [INFO] CurrentProfilePath: D:\Java-WorkSpace\.metadata\.plugins\org.eclipse.swt\EBWebView\Default
2026-08-25 07:15:50.259: [INFO] Profiles total count: 1
2026-08-25 07:15:50.260: [INFO] Profile: name=Profile 1 path=D:\Java-WorkSpace\.metadata\.plugins\org.eclipse.swt\EBWebView\Default lastActive=2026-08-25T07:14:12.538Z
2026-08-25 07:15:50.260: [INFO] LastUsedProfileDir: D:\Java-WorkSpace\.metadata\.plugins\org.eclipse.swt\EBWebView\Default
2026-08-25 07:15:50.260: [INFO] MostRecentlyActiveProfile: name=Profile 1 path=D:\Java-WorkSpace\.metadata\.plugins\org.eclipse.swt\EBWebView\Default lastActive=2026-08-25T07:14:12.538Z
2026-08-25 07:15:50.260: [INFO] OnDoneLoading sync enabled: 0
2026-08-25 07:15:50.260: [INFO] BookmarkModelLoaded, ids_reassigned: 0
2026-08-25 07:15:50.260: [INFO] BookmarksLoadDropped droppedNodes=0
2026-08-25 07:15:50.260: [INFO] BookmarksSnapshot Startup total=0 bar=0 other=0 mobile=0 showBar=0 showBarNTP=1
2026-08-25 07:15:50.363: [INFO] BookmarksSnapshot Shutdown total=0 bar=0 other=0 mobile=0 showBar=0 showBarNTP=1
2026-08-25 07:19:36.428: [INFO] CurrentProfilePath: D:\Java-WorkSpace\.metadata\.plugins\org.eclipse.swt\EBWebView\Default
2026-08-25 07:19:36.428: [INFO] Profiles total count: 1
2026-08-25 07:19:36.429: [INFO] Profile: name=Profile 1 path=D:\Java-WorkSpace\.metadata\.plugins\org.eclipse.swt\EBWebView\Default lastActive=2026-08-25T07:14:12.538Z
2026-08-25 07:19:36.429: [INFO] LastUsedProfileDir: D:\Java-WorkSpace\.metadata\.plugins\org.eclipse.swt\EBWebView\Default
2026-08-25 07:19:36.429: [INFO] MostRecentlyActiveProfile: name=Profile 1 path=D:\Java-WorkSpace\.metadata\.plugins\org.eclipse.swt\EBWebView\Default lastActive=2026-08-25T07:14:12.538Z
2026-08-25 07:19:36.429: [INFO] OnDoneLoading sync enabled: 0
2026-08-25 07:19:36.429: [INFO] BookmarkModelLoaded, ids_reassigned: 0
2026-08-25 07:19:36.429: [INFO] BookmarksLoadDropped droppedNodes=0
2026-08-25 07:19:36.429: [INFO] BookmarksSnapshot Startup total=0 bar=0 other=0 mobile=0 showBar=0 showBarNTP=1
2026-08-25 07:19:38.750: [INFO] BookmarksSnapshot Shutdown total=0 bar=0 other=0 mobile=0 showBar=0 showBarNTP=1
2026-08-25 07:19:57.780: [INFO] CurrentProfilePath: D:\Java-WorkSpace\.metadata\.plugins\org.eclipse.swt\EBWebView\Default
2026-08-25 07:19:57.780: [INFO] Profiles total count: 1
2026-08-25 07:19:57.780: [INFO] Profile: name=Profile 1 path=D:\Java-WorkSpace\.metadata\.plugins\org.eclipse.swt\EBWebView\Default lastActive=2026-08-25T07:14:12.538Z
2026-08-25 07:19:57.780: [INFO] LastUsedProfileDir: D:\Java-WorkSpace\.metadata\.plugins\org.eclipse.swt\EBWebView\Default
2026-08-25 07:19:57.780: [INFO] MostRecentlyActiveProfile: name=Profile 1 path=D:\Java-WorkSpace\.metadata\.plugins\org.eclipse.swt\EBWebView\Default lastActive=2026-08-25T07:14:12.538Z
2026-08-25 07:19:57.780: [INFO] OnDoneLoading sync enabled: 0
2026-08-25 07:19:57.780: [INFO] BookmarkModelLoaded, ids_reassigned: 0
2026-08-25 07:19:57.780: [INFO] BookmarksLoadDropped droppedNodes=0
2026-08-25 07:19:57.780: [INFO] BookmarksSnapshot Startup total=0 bar=0 other=0 mobile=0 showBar=0 showBarNTP=1
2026-08-25 07:20:03.124: [INFO] BookmarksSnapshot Shutdown total=0 bar=0 other=0 mobile=0 showBar=0 showBarNTP=1
2026-08-25 07:20:09.575: [INFO] CurrentProfilePath: D:\Java-WorkSpace\.metadata\.plugins\org.eclipse.swt\EBWebView\Default
2026-08-25 07:20:09.575: [INFO] Profiles total count: 1
2026-08-25 07:20:09.576: [INFO] Profile: name=Profile 1 path=D:\Java-WorkSpace\.metadata\.plugins\org.eclipse.swt\EBWebView\Default lastActive=2026-08-25T07:14:12.538Z
2026-08-25 07:20:09.576: [INFO] LastUsedProfileDir: D:\Java-WorkSpace\.metadata\.plugins\org.eclipse.swt\EBWebView\Default
2026-08-25 07:20:09.576: [INFO] MostRecentlyActiveProfile: name=Profile 1 path=D:\Java-WorkSpace\.metadata\.plugins\org.eclipse.swt\EBWebView\Default lastActive=2026-08-25T07:14:12.538Z
2026-08-25 07:20:09.576: [INFO] OnDoneLoading sync enabled: 0
2026-08-25 07:20:09.576: [INFO] BookmarkModelLoaded, ids_reassigned: 0
2026-08-25 07:20:09.576: [INFO] BookmarksLoadDropped droppedNodes=0
2026-08-25 07:20:09.576: [INFO] BookmarksSnapshot Startup total=0 bar=0 other=0 mobile=0 showBar=0 showBarNTP=1
2026-08-25 07:36:00.804: [INFO] BookmarksSnapshot Shutdown total=0 bar=0 other=0 mobile=0 showBar=0 showBarNTP=1
2026-08-25 09:27:54.578: [INFO] CurrentProfilePath: D:\Java-WorkSpace\.metadata\.plugins\org.eclipse.swt\EBWebView\Default
2026-08-25 09:27:54.578: [INFO] Profiles total count: 1
2026-08-25 09:27:54.579: [INFO] Profile: name=Profile 1 path=D:\Java-WorkSpace\.metadata\.plugins\org.eclipse.swt\EBWebView\Default lastActive=2026-08-25T07:14:12.538Z
2026-08-25 09:27:54.579: [INFO] LastUsedProfileDir: D:\Java-WorkSpace\.metadata\.plugins\org.eclipse.swt\EBWebView\Default
2026-08-25 09:27:54.579: [INFO] MostRecentlyActiveProfile: name=Profile 1 path=D:\Java-WorkSpace\.metadata\.plugins\org.eclipse.swt\EBWebView\Default lastActive=2026-08-25T07:14:12.538Z
2026-08-25 09:27:54.579: [INFO] OnDoneLoading sync enabled: 0
2026-08-25 09:27:54.579: [INFO] BookmarkModelLoaded, ids_reassigned: 0
2026-08-25 09:27:54.579: [INFO] BookmarksLoadDropped droppedNodes=0
2026-08-25 09:27:54.579: [INFO] BookmarksSnapshot Startup total=0 bar=0 other=0 mobile=0 showBar=0 showBarNTP=1
2026-08-25 10:17:03.020: [INFO] CurrentProfilePath: D:\Java-WorkSpace\.metadata\.plugins\org.eclipse.swt\EBWebView\Default
2026-08-25 10:17:03.020: [INFO] Profiles total count: 1
2026-08-25 10:17:03.020: [INFO] Profile: name=Profile 1 path=D:\Java-WorkSpace\.metadata\.plugins\org.eclipse.swt\EBWebView\Default lastActive=2026-08-25T07:14:12.538Z
2026-08-25 10:17:03.020: [INFO] LastUsedProfileDir: D:\Java-WorkSpace\.metadata\.plugins\org.eclipse.swt\EBWebView\Default
2026-08-25 10:17:03.020: [INFO] MostRecentlyActiveProfile: name=Profile 1 path=D:\Java-WorkSpace\.metadata\.plugins\org.eclipse.swt\EBWebView\Default lastActive=2026-08-25T07:14:12.538Z
2026-08-25 10:17:03.020: [INFO] OnDoneLoading sync enabled: 0
2026-08-25 10:17:03.020: [INFO] BookmarkModelLoaded, ids_reassigned: 0
2026-08-25 10:17:03.020: [INFO] BookmarksLoadDropped droppedNodes=0
2026-08-25 10:17:03.020: [INFO] BookmarksSnapshot Startup total=0 bar=0 other=0 mobile=0 showBar=0 showBarNTP=1
2026-08-25 11:41:42.726: [INFO] BookmarksSnapshot Shutdown total=0 bar=0 other=0 mobile=0 showBar=0 showBarNTP=1
2026-08-28 07:48:51.033: [INFO] CurrentProfilePath: D:\Java-WorkSpace\.metadata\.plugins\org.eclipse.swt\EBWebView\Default
2026-08-28 07:48:51.033: [INFO] Profiles total count: 1
2026-08-28 07:48:51.033: [INFO] Profile: name=Profile 1 path=D:\Java-WorkSpace\.metadata\.plugins\org.eclipse.swt\EBWebView\Default lastActive=2026-08-25T10:17:42.063Z
2026-08-28 07:48:51.033: [INFO] LastUsedProfileDir: D:\Java-WorkSpace\.metadata\.plugins\org.eclipse.swt\EBWebView\Default
2026-08-28 07:48:51.033: [INFO] MostRecentlyActiveProfile: name=Profile 1 path=D:\Java-WorkSpace\.metadata\.plugins\org.eclipse.swt\EBWebView\Default lastActive=2026-08-25T10:17:42.063Z
2026-08-28 07:48:51.033: [INFO] OnDoneLoading sync enabled: 0
2026-08-28 07:48:51.033: [INFO] BookmarkModelLoaded, ids_reassigned: 0
2026-08-28 07:48:51.033: [INFO] BookmarksLoadDropped droppedNodes=0
2026-08-28 07:48:51.033: [INFO] BookmarksSnapshot Startup total=0 bar=0 other=0 mobile=0 showBar=0 showBarNTP=1
2026-08-29 07:47:20.043: [INFO] CurrentProfilePath: D:\Java-WorkSpace\.metadata\.plugins\org.eclipse.swt\EBWebView\Default
2026-08-29 07:47:20.043: [INFO] Profiles total count: 1
2026-08-29 07:47:20.043: [INFO] Profile: name=Profile 1 path=D:\Java-WorkSpace\.metadata\.plugins\org.eclipse.swt\EBWebView\Default lastActive=2026-08-25T10:17:42.063Z
2026-08-29 07:47:20.043: [INFO] LastUsedProfileDir: D:\Java-WorkSpace\.metadata\.plugins\org.eclipse.swt\EBWebView\Default
2026-08-29 07:47:20.043: [INFO] MostRecentlyActiveProfile: name=Profile 1 path=D:\Java-WorkSpace\.metadata\.plugins\org.eclipse.swt\EBWebView\Default lastActive=2026-08-25T10:17:42.063Z
2026-08-29 07:47:20.043: [INFO] OnDoneLoading sync enabled: 0
2026-08-29 07:47:20.043: [INFO] BookmarkModelLoaded, ids_reassigned: 0
2026-08-29 07:47:20.043: [INFO] BookmarksLoadDropped droppedNodes=0
2026-08-29 07:47:20.043: [INFO] BookmarksSnapshot Startup total=0 bar=0 other=0 mobile=0 showBar=0 showBarNTP=1
2026-08-29 07:49:27.171: [INFO] BookmarksSnapshot Shutdown total=0 bar=0 other=0 mobile=0 showBar=0 showBarNTP=1
2026-08-29 08:24:13.010: [INFO] CurrentProfilePath: D:\Java-WorkSpace\.metadata\.plugins\org.eclipse.swt\EBWebView\Default
2026-08-29 08:24:13.010: [INFO] Profiles total count: 1
2026-08-29 08:24:13.010: [INFO] Profile: name=Profile 1 path=D:\Java-WorkSpace\.metadata\.plugins\org.eclipse.swt\EBWebView\Default lastActive=2026-08-29T07:49:26.843Z
2026-08-29 08:24:13.010: [INFO] LastUsedProfileDir: D:\Java-WorkSpace\.metadata\.plugins\org.eclipse.swt\EBWebView\Default
2026-08-29 08:24:13.010: [INFO] MostRecentlyActiveProfile: name=Profile 1 path=D:\Java-WorkSpace\.metadata\.plugins\org.eclipse.swt\EBWebView\Default lastActive=2026-08-29T07:49:26.843Z
2026-08-29 08:24:13.010: [INFO] OnDoneLoading sync enabled: 0
2026-08-29 08:24:13.010: [INFO] BookmarkModelLoaded, ids_reassigned: 0
2026-08-29 08:24:13.010: [INFO] BookmarksLoadDropped droppedNodes=0
2026-08-29 08:24:13.010: [INFO] BookmarksSnapshot Startup total=0 bar=0 other=0 mobile=0 showBar=0 showBarNTP=1
2026-08-29 08:49:30.130: [INFO] BookmarksSnapshot Shutdown total=0 bar=0 other=0 mobile=0 showBar=0 showBarNTP=1
2026-08-29 08:50:16.205: [INFO] CurrentProfilePath: D:\Java-WorkSpace\.metadata\.plugins\org.eclipse.swt\EBWebView\Default
2026-08-29 08:50:16.205: [INFO] Profiles total count: 1
2026-08-29 08:50:16.206: [INFO] Profile: name=Profile 1 path=D:\Java-WorkSpace\.metadata\.plugins\org.eclipse.swt\EBWebView\Default lastActive=2026-08-29T07:49:26.843Z
2026-08-29 08:50:16.206: [INFO] LastUsedProfileDir: D:\Java-WorkSpace\.metadata\.plugins\org.eclipse.swt\EBWebView\Default
2026-08-29 08:50:16.206: [INFO] MostRecentlyActiveProfile: name=Profile 1 path=D:\Java-WorkSpace\.metadata\.plugins\org.eclipse.swt\EBWebView\Default lastActive=2026-08-29T07:49:26.843Z
2026-08-29 08:50:16.206: [INFO] OnDoneLoading sync enabled: 0
2026-08-29 08:50:16.206: [INFO] BookmarkModelLoaded, ids_reassigned: 0
2026-08-29 08:50:16.206: [INFO] BookmarksLoadDropped droppedNodes=0
2026-08-29 08:50:16.206: [INFO] BookmarksSnapshot Startup total=0 bar=0 other=0 mobile=0 showBar=0 showBarNTP=1
2026-08-29 09:29:56.007: [INFO] BookmarksSnapshot Shutdown total=0 bar=0 other=0 mobile=0 showBar=0 showBarNTP=1
2026-08-31 09:45:55.704: [INFO] CurrentProfilePath: D:\Java-WorkSpace\.metadata\.plugins\org.eclipse.swt\EBWebView\Default
2026-08-31 09:45:55.704: [INFO] Profiles total count: 1
2026-08-31 09:45:55.704: [INFO] Profile: name=Profile 1 path=D:\Java-WorkSpace\.metadata\.plugins\org.eclipse.swt\EBWebView\Default lastActive=2026-08-29T07:49:26.843Z
2026-08-31 09:45:55.704: [INFO] LastUsedProfileDir: D:\Java-WorkSpace\.metadata\.plugins\org.eclipse.swt\EBWebView\Default
2026-08-31 09:45:55.704: [INFO] MostRecentlyActiveProfile: name=Profile 1 path=D:\Java-WorkSpace\.metadata\.plugins\org.eclipse.swt\EBWebView\Default lastActive=2026-08-29T07:49:26.843Z
2026-08-31 09:45:55.704: [INFO] OnDoneLoading sync enabled: 0
2026-08-31 09:45:55.704: [INFO] BookmarkModelLoaded, ids_reassigned: 0
2026-08-31 09:45:55.704: [INFO] BookmarksLoadDropped droppedNodes=0
2026-08-31 09:45:55.704: [INFO] BookmarksSnapshot Startup total=0 bar=0 other=0 mobile=0 showBar=0 showBarNTP=1
2026-08-31 10:56:55.963: [INFO] BookmarksSnapshot Shutdown total=0 bar=0 other=0 mobile=0 showBar=0 showBarNTP=1
